Archive member included to satisfy reference by file (symbol)

/opt/st/stm32cubeide_1.5.1/plugins/com.st.stm32cube.ide.mcu.externaltools.gnu-tools-for-stm32.7-2018-q2-update.linux64_1.5.0.202011040924/tools/bin/../lib/gcc/arm-none-eabi/7.3.1/../../../../arm-none-eabi/lib/thumb/v7-m/libc_nano.a(lib_a-errno.o)
                              Core/Src/syscalls.o (__errno)
/opt/st/stm32cubeide_1.5.1/plugins/com.st.stm32cube.ide.mcu.externaltools.gnu-tools-for-stm32.7-2018-q2-update.linux64_1.5.0.202011040924/tools/bin/../lib/gcc/arm-none-eabi/7.3.1/../../../../arm-none-eabi/lib/thumb/v7-m/libc_nano.a(lib_a-exit.o)
                              /opt/st/stm32cubeide_1.5.1/plugins/com.st.stm32cube.ide.mcu.externaltools.gnu-tools-for-stm32.7-2018-q2-update.linux64_1.5.0.202011040924/tools/bin/../lib/gcc/arm-none-eabi/7.3.1/../../../../arm-none-eabi/lib/thumb/v7-m/crt0.o (exit)
/opt/st/stm32cubeide_1.5.1/plugins/com.st.stm32cube.ide.mcu.externaltools.gnu-tools-for-stm32.7-2018-q2-update.linux64_1.5.0.202011040924/tools/bin/../lib/gcc/arm-none-eabi/7.3.1/../../../../arm-none-eabi/lib/thumb/v7-m/libc_nano.a(lib_a-impure.o)
                              /opt/st/stm32cubeide_1.5.1/plugins/com.st.stm32cube.ide.mcu.externaltools.gnu-tools-for-stm32.7-2018-q2-update.linux64_1.5.0.202011040924/tools/bin/../lib/gcc/arm-none-eabi/7.3.1/../../../../arm-none-eabi/lib/thumb/v7-m/libc_nano.a(lib_a-exit.o) (_global_impure_ptr)
/opt/st/stm32cubeide_1.5.1/plugins/com.st.stm32cube.ide.mcu.externaltools.gnu-tools-for-stm32.7-2018-q2-update.linux64_1.5.0.202011040924/tools/bin/../lib/gcc/arm-none-eabi/7.3.1/../../../../arm-none-eabi/lib/thumb/v7-m/libc_nano.a(lib_a-init.o)
                              /opt/st/stm32cubeide_1.5.1/plugins/com.st.stm32cube.ide.mcu.externaltools.gnu-tools-for-stm32.7-2018-q2-update.linux64_1.5.0.202011040924/tools/bin/../lib/gcc/arm-none-eabi/7.3.1/../../../../arm-none-eabi/lib/thumb/v7-m/crt0.o (__libc_init_array)
/opt/st/stm32cubeide_1.5.1/plugins/com.st.stm32cube.ide.mcu.externaltools.gnu-tools-for-stm32.7-2018-q2-update.linux64_1.5.0.202011040924/tools/bin/../lib/gcc/arm-none-eabi/7.3.1/../../../../arm-none-eabi/lib/thumb/v7-m/libc_nano.a(lib_a-malloc.o)
                              Middlewares/ST/STM32_USB_Device_Library/Class/CDC/Src/usbd_cdc.o (malloc)
/opt/st/stm32cubeide_1.5.1/plugins/com.st.stm32cube.ide.mcu.externaltools.gnu-tools-for-stm32.7-2018-q2-update.linux64_1.5.0.202011040924/tools/bin/../lib/gcc/arm-none-eabi/7.3.1/../../../../arm-none-eabi/lib/thumb/v7-m/libc_nano.a(lib_a-memset.o)
                              /opt/st/stm32cubeide_1.5.1/plugins/com.st.stm32cube.ide.mcu.externaltools.gnu-tools-for-stm32.7-2018-q2-update.linux64_1.5.0.202011040924/tools/bin/../lib/gcc/arm-none-eabi/7.3.1/../../../../arm-none-eabi/lib/thumb/v7-m/crt0.o (memset)
/opt/st/stm32cubeide_1.5.1/plugins/com.st.stm32cube.ide.mcu.externaltools.gnu-tools-for-stm32.7-2018-q2-update.linux64_1.5.0.202011040924/tools/bin/../lib/gcc/arm-none-eabi/7.3.1/../../../../arm-none-eabi/lib/thumb/v7-m/libc_nano.a(lib_a-nano-freer.o)
                              /opt/st/stm32cubeide_1.5.1/plugins/com.st.stm32cube.ide.mcu.externaltools.gnu-tools-for-stm32.7-2018-q2-update.linux64_1.5.0.202011040924/tools/bin/../lib/gcc/arm-none-eabi/7.3.1/../../../../arm-none-eabi/lib/thumb/v7-m/libc_nano.a(lib_a-malloc.o) (_free_r)
/opt/st/stm32cubeide_1.5.1/plugins/com.st.stm32cube.ide.mcu.externaltools.gnu-tools-for-stm32.7-2018-q2-update.linux64_1.5.0.202011040924/tools/bin/../lib/gcc/arm-none-eabi/7.3.1/../../../../arm-none-eabi/lib/thumb/v7-m/libc_nano.a(lib_a-nano-mallocr.o)
                              /opt/st/stm32cubeide_1.5.1/plugins/com.st.stm32cube.ide.mcu.externaltools.gnu-tools-for-stm32.7-2018-q2-update.linux64_1.5.0.202011040924/tools/bin/../lib/gcc/arm-none-eabi/7.3.1/../../../../arm-none-eabi/lib/thumb/v7-m/libc_nano.a(lib_a-malloc.o) (_malloc_r)
/opt/st/stm32cubeide_1.5.1/plugins/com.st.stm32cube.ide.mcu.externaltools.gnu-tools-for-stm32.7-2018-q2-update.linux64_1.5.0.202011040924/tools/bin/../lib/gcc/arm-none-eabi/7.3.1/../../../../arm-none-eabi/lib/thumb/v7-m/libc_nano.a(lib_a-sbrkr.o)
                              /opt/st/stm32cubeide_1.5.1/plugins/com.st.stm32cube.ide.mcu.externaltools.gnu-tools-for-stm32.7-2018-q2-update.linux64_1.5.0.202011040924/tools/bin/../lib/gcc/arm-none-eabi/7.3.1/../../../../arm-none-eabi/lib/thumb/v7-m/libc_nano.a(lib_a-nano-mallocr.o) (_sbrk_r)
/opt/st/stm32cubeide_1.5.1/plugins/com.st.stm32cube.ide.mcu.externaltools.gnu-tools-for-stm32.7-2018-q2-update.linux64_1.5.0.202011040924/tools/bin/../lib/gcc/arm-none-eabi/7.3.1/../../../../arm-none-eabi/lib/thumb/v7-m/libc_nano.a(lib_a-strlen.o)
                              Communication/Protocol_0x55/Src/protocol_0x55.o (strlen)
[...]
Memory Configuration

Name             Origin             Length             Attributes
RAM              0x0000000020000000 0x0000000000020000 xrw
FLASH            0x0000000008000000 0x0000000000100000 xr
*default*        0x0000000000000000 0xffffffffffffffff

Linker script and memory map

LOAD /opt/st/stm32cubeide_1.5.1/plugins/com.st.stm32cube.ide.mcu.externaltools.gnu-tools-for-stm32.7-2018-q2-update.linux64_1.5.0.202011040924/tools/bin/../lib/gcc/arm-none-eabi/7.3.1/thumb/v7-m/crti.o
LOAD /opt/st/stm32cubeide_1.5.1/plugins/com.st.stm32cube.ide.mcu.externaltools.gnu-tools-for-stm32.7-2018-q2-update.linux64_1.5.0.202011040924/tools/bin/../lib/gcc/arm-none-eabi/7.3.1/thumb/v7-m/crtbegin.o
LOAD /opt/st/stm32cubeide_1.5.1/plugins/com.st.stm32cube.ide.mcu.externaltools.gnu-tools-for-stm32.7-2018-q2-update.linux64_1.5.0.202011040924/tools/bin/../lib/gcc/arm-none-eabi/7.3.1/../../../../arm-none-eabi/lib/thumb/v7-m/crt0.o
LOAD Communication/Protocol_0x55/Src/protocol_0x55.o
LOAD Core/Src/main.o
LOAD Core/Src/stm32f2xx_hal_msp.o
LOAD Core/Src/stm32f2xx_it.o
LOAD Core/Src/syscalls.o
LOAD Core/Src/sysmem.o
LOAD Core/Src/system_stm32f2xx.o
LOAD Core/Startup/startup_stm32f207igtx.o
LOAD Drivers/STM32F2xx_HAL_Driver/Src/stm32f2xx_hal.o
LOAD Drivers/STM32F2xx_HAL_Driver/Src/stm32f2xx_hal_cortex.o
LOAD Drivers/STM32F2xx_HAL_Driver/Src/stm32f2xx_hal_dma.o
LOAD Drivers/STM32F2xx_HAL_Driver/Src/stm32f2xx_hal_dma_ex.o
LOAD Drivers/STM32F2xx_HAL_Driver/Src/stm32f2xx_hal_exti.o
LOAD Drivers/STM32F2xx_HAL_Driver/Src/stm32f2xx_hal_flash.o
LOAD Drivers/STM32F2xx_HAL_Driver/Src/stm32f2xx_hal_flash_ex.o
LOAD Drivers/STM32F2xx_HAL_Driver/Src/stm32f2xx_hal_gpio.o
LOAD Drivers/STM32F2xx_HAL_Driver/Src/stm32f2xx_hal_pcd.o
LOAD Drivers/STM32F2xx_HAL_Driver/Src/stm32f2xx_hal_pcd_ex.o
LOAD Drivers/STM32F2xx_HAL_Driver/Src/stm32f2xx_hal_pwr.o
LOAD Drivers/STM32F2xx_HAL_Driver/Src/stm32f2xx_hal_pwr_ex.o
LOAD Drivers/STM32F2xx_HAL_Driver/Src/stm32f2xx_hal_rcc.o
LOAD Drivers/STM32F2xx_HAL_Driver/Src/stm32f2xx_hal_rcc_ex.o
LOAD Drivers/STM32F2xx_HAL_Driver/Src/stm32f2xx_hal_tim.o
LOAD Drivers/STM32F2xx_HAL_Driver/Src/stm32f2xx_hal_tim_ex.o
LOAD Drivers/STM32F2xx_HAL_Driver/Src/stm32f2xx_ll_usb.o
LOAD Middlewares/ST/STM32_USB_Device_Library/Class/CDC/Src/usbd_cdc.o
LOAD Middlewares/ST/STM32_USB_Device_Library/Core/Src/usbd_core.o
LOAD Middlewares/ST/STM32_USB_Device_Library/Core/Src/usbd_ctlreq.o
LOAD Middlewares/ST/STM32_USB_Device_Library/Core/Src/usbd_ioreq.o
LOAD USB_DEVICE/App/usb_device.o
LOAD USB_DEVICE/App/usbd_cdc_if.o
LOAD USB_DEVICE/App/usbd_desc.o
LOAD USB_DEVICE/Target/usbd_conf.o
START GROUP
LOAD /opt/st/stm32cubeide_1.5.1/plugins/com.st.stm32cube.ide.mcu.externaltools.gnu-tools-for-stm32.7-2018-q2-update.linux64_1.5.0.202011040924/tools/bin/../lib/gcc/arm-none-eabi/7.3.1/../../../../arm-none-eabi/lib/thumb/v7-m/libc_nano.a
LOAD /opt/st/stm32cubeide_1.5.1/plugins/com.st.stm32cube.ide.mcu.externaltools.gnu-tools-for-stm32.7-2018-q2-update.linux64_1.5.0.202011040924/tools/bin/../lib/gcc/arm-none-eabi/7.3.1/../../../../arm-none-eabi/lib/thumb/v7-m/libm.a
END GROUP
START GROUP
LOAD /opt/st/stm32cubeide_1.5.1/plugins/com.st.stm32cube.ide.mcu.externaltools.gnu-tools-for-stm32.7-2018-q2-update.linux64_1.5.0.202011040924/tools/bin/../lib/gcc/arm-none-eabi/7.3.1/thumb/v7-m/libgcc.a
LOAD /opt/st/stm32cubeide_1.5.1/plugins/com.st.stm32cube.ide.mcu.externaltools.gnu-tools-for-stm32.7-2018-q2-update.linux64_1.5.0.202011040924/tools/bin/../lib/gcc/arm-none-eabi/7.3.1/../../../../arm-none-eabi/lib/thumb/v7-m/libc_nano.a
END GROUP
START GROUP
LOAD /opt/st/stm32cubeide_1.5.1/plugins/com.st.stm32cube.ide.mcu.externaltools.gnu-tools-for-stm32.7-2018-q2-update.linux64_1.5.0.202011040924/tools/bin/../lib/gcc/arm-none-eabi/7.3.1/thumb/v7-m/libgcc.a
LOAD /opt/st/stm32cubeide_1.5.1/plugins/com.st.stm32cube.ide.mcu.externaltools.gnu-tools-for-stm32.7-2018-q2-update.linux64_1.5.0.202011040924/tools/bin/../lib/gcc/arm-none-eabi/7.3.1/../../../../arm-none-eabi/lib/thumb/v7-m/libc_nano.a
LOAD /opt/st/stm32cubeide_1.5.1/plugins/com.st.stm32cube.ide.mcu.externaltools.gnu-tools-for-stm32.7-2018-q2-update.linux64_1.5.0.202011040924/tools/bin/../lib/gcc/arm-none-eabi/7.3.1/../../../../arm-none-eabi/lib/thumb/v7-m/libnosys.a
END GROUP
START GROUP
LOAD /opt/st/stm32cubeide_1.5.1/plugins/com.st.stm32cube.ide.mcu.externaltools.gnu-tools-for-stm32.7-2018-q2-update.linux64_1.5.0.202011040924/tools/bin/../lib/gcc/arm-none-eabi/7.3.1/thumb/v7-m/libgcc.a
LOAD /opt/st/stm32cubeide_1.5.1/plugins/com.st.stm32cube.ide.mcu.externaltools.gnu-tools-for-stm32.7-2018-q2-update.linux64_1.5.0.202011040924/tools/bin/../lib/gcc/arm-none-eabi/7.3.1/../../../../arm-none-eabi/lib/thumb/v7-m/libc_nano.a
LOAD /opt/st/stm32cubeide_1.5.1/plugins/com.st.stm32cube.ide.mcu.externaltools.gnu-tools-for-stm32.7-2018-q2-update.linux64_1.5.0.202011040924/tools/bin/../lib/gcc/arm-none-eabi/7.3.1/../../../../arm-none-eabi/lib/thumb/v7-m/libnosys.a
END GROUP
LOAD /opt/st/stm32cubeide_1.5.1/plugins/com.st.stm32cube.ide.mcu.externaltools.gnu-tools-for-stm32.7-2018-q2-update.linux64_1.5.0.202011040924/tools/bin/../lib/gcc/arm-none-eabi/7.3.1/thumb/v7-m/crtend.o
LOAD /opt/st/stm32cubeide_1.5.1/plugins/com.st.stm32cube.ide.mcu.externaltools.gnu-tools-for-stm32.7-2018-q2-update.linux64_1.5.0.202011040924/tools/bin/../lib/gcc/arm-none-eabi/7.3.1/thumb/v7-m/crtn.o
                0x0000000020020000                _estack = (ORIGIN (RAM) + LENGTH (RAM))
                0x0000000000000200                _Min_Heap_Size = 0x200
                0x0000000000000400                _Min_Stack_Size = 0x400

.isr_vector     0x0000000008000000      0x184
                0x0000000008000000                . = ALIGN (0x4)
 *(.isr_vector)
 .isr_vector    0x0000000008000000      0x184 Core/Startup/startup_stm32f207igtx.o
                0x0000000008000000                g_pfnVectors
                0x0000000008000184                . = ALIGN (0x4)

.text           0x0000000008000184     0x6c38
                0x0000000008000184                . = ALIGN (0x4)
 *(.text)
 .text          0x0000000008000184       0x40 /opt/st/stm32cubeide_1.5.1/plugins/com.st.stm32cube.ide.mcu.externaltools.gnu-tools-for-stm32.7-2018-q2-update.linux64_1.5.0.202011040924/tools/bin/../lib/gcc/arm-none-eabi/7.3.1/thumb/v7-m/crtbegin.o
 .text          0x00000000080001c4       0x10 /opt/st/stm32cubeide_1.5.1/plugins/com.st.stm32cube.ide.mcu.externaltools.gnu-tools-for-stm32.7-2018-q2-update.linux64_1.5.0.202011040924/tools/bin/../lib/gcc/arm-none-eabi/7.3.1/../../../../arm-none-eabi/lib/thumb/v7-m/libc_nano.a(lib_a-strlen.o)
                0x00000000080001c4                strlen
 .text          0x00000000080001d4       0x30 /opt/st/stm32cubeide_1.5.1/plugins/com.st.stm32cube.ide.mcu.externaltools.gnu-tools-for-stm32.7-2018-q2-update.linux64_1.5.0.202011040924/tools/bin/../lib/gcc/arm-none-eabi/7.3.1/thumb/v7-m/libgcc.a(_aeabi_uldivmod.o)
                0x00000000080001d4                __aeabi_uldivmod
 .text          0x0000000008000204      0x2d0 /opt/st/stm32cubeide_1.5.1/plugins/com.st.stm32cube.ide.mcu.externaltools.gnu-tools-for-stm32.7-2018-q2-update.linux64_1.5.0.202011040924/tools/bin/../lib/gcc/arm-none-eabi/7.3.1/thumb/v7-m/libgcc.a(_udivmoddi4.o)
                0x0000000008000204                __udivmoddi4
 .text          0x00000000080004d4        0x4 /opt/st/stm32cubeide_1.5.1/plugins/com.st.stm32cube.ide.mcu.externaltools.gnu-tools-for-stm32.7-2018-q2-update.linux64_1.5.0.202011040924/tools/bin/../lib/gcc/arm-none-eabi/7.3.1/thumb/v7-m/libgcc.a(_dvmd_tls.o)
                0x00000000080004d4                __aeabi_ldiv0
                0x00000000080004d4                __aeabi_idiv0
 *(.text*)
 .text.Protocol_0x55_GetRxPointer
                0x00000000080004d8       0x14 Communication/Protocol_0x55/Src/protocol_0x55.o
                0x00000000080004d8                Protocol_0x55_GetRxPointer
 .text.Protocol_0x55_CheckFifo
                0x00000000080004ec       0x18 Communication/Protocol_0x55/Src/protocol_0x55.o
                0x00000000080004ec                Protocol_0x55_CheckFifo
 .text.Protocol_0x55_ProcessRxCommand
                0x0000000008000504       0x20 Communication/Protocol_0x55/Src/protocol_0x55.o
                0x0000000008000504                Protocol_0x55_ProcessRxCommand
 .text.Protocol_0x55_SendVersion
                0x0000000008000524       0xe0 Communication/Protocol_0x55/Src/protocol_0x55.o
                0x0000000008000524                Protocol_0x55_SendVersion
 .text.Protocol_0x55_PrepareNewMessage
                0x0000000008000604       0x4e Communication/Protocol_0x55/Src/protocol_0x55.o
                0x0000000008000604                Protocol_0x55_PrepareNewMessage
 .text.Protocol_0x55_SetLength
                0x0000000008000652       0x1e Communication/Protocol_0x55/Src/protocol_0x55.o
                0x0000000008000652                Protocol_0x55_SetLength
 .text.Protocol_0x55_AddCRC
                0x0000000008000670       0x42 Communication/Protocol_0x55/Src/protocol_0x55.o
                0x0000000008000670                Protocol_0x55_AddCRC
 .text.Protocol_0x55_CalculateCRC16
                0x00000000080006b2       0x84 Communication/Protocol_0x55/Src/protocol_0x55.o
                0x00000000080006b2                Protocol_0x55_CalculateCRC16
 .text.Protocol_0x55_Send
                0x0000000008000736       0x24 Communication/Protocol_0x55/Src/protocol_0x55.o
                0x0000000008000736                Protocol_0x55_Send
 *fill*         0x000000000800075a        0x2 
 .text.main     0x000000000800075c      0x104 Core/Src/main.o
                0x000000000800075c                main
 .text.SystemClock_Config
                0x0000000008000860       0x90 Core/Src/main.o
                0x0000000008000860                SystemClock_Config
 .text.MX_TIM14_Init
                0x00000000080008f0       0x48 Core/Src/main.o
 .text.MX_GPIO_Init
                0x0000000008000938      0x11c Core/Src/main.o
 .text.Error_Handler
                0x0000000008000a54        0x8 Core/Src/main.o
                0x0000000008000a54                Error_Handler
 .text.HAL_MspInit
                0x0000000008000a5c       0x4c Core/Src/stm32f2xx_hal_msp.o
                0x0000000008000a5c                HAL_MspInit
 .text.HAL_TIM_Base_MspInit
                0x0000000008000aa8       0x50 Core/Src/stm32f2xx_hal_msp.o
                0x0000000008000aa8                HAL_TIM_Base_MspInit
 .text.NMI_Handler
                0x0000000008000af8        0x6 Core/Src/stm32f2xx_it.o
                0x0000000008000af8                NMI_Handler
 .text.HardFault_Handler
                0x0000000008000afe        0x6 Core/Src/stm32f2xx_it.o
                0x0000000008000afe                HardFault_Handler
 .text.MemManage_Handler
                0x0000000008000b04        0x6 Core/Src/stm32f2xx_it.o
                0x0000000008000b04                MemManage_Handler
 .text.BusFault_Handler
                0x0000000008000b0a        0x6 Core/Src/stm32f2xx_it.o
                0x0000000008000b0a                BusFault_Handler
 .text.UsageFault_Handler
                0x0000000008000b10        0x6 Core/Src/stm32f2xx_it.o
                0x0000000008000b10                UsageFault_Handler
 .text.SVC_Handler
                0x0000000008000b16        0xc Core/Src/stm32f2xx_it.o
                0x0000000008000b16                SVC_Handler
 .text.DebugMon_Handler
                0x0000000008000b22        0xc Core/Src/stm32f2xx_it.o
                0x0000000008000b22                DebugMon_Handler
 .text.PendSV_Handler
                0x0000000008000b2e        0xc Core/Src/stm32f2xx_it.o
                0x0000000008000b2e                PendSV_Handler
 .text.SysTick_Handler
                0x0000000008000b3a        0xc Core/Src/stm32f2xx_it.o
                0x0000000008000b3a                SysTick_Handler
 *fill*         0x0000000008000b46        0x2 
 .text.TIM8_TRG_COM_TIM14_IRQHandler
                0x0000000008000b48       0xac Core/Src/stm32f2xx_it.o
                0x0000000008000b48                TIM8_TRG_COM_TIM14_IRQHandler
 .text.OTG_FS_IRQHandler
                0x0000000008000bf4       0x14 Core/Src/stm32f2xx_it.o
                0x0000000008000bf4                OTG_FS_IRQHandler
 .text._sbrk    0x0000000008000c08       0x6c Core/Src/sysmem.o
                0x0000000008000c08                _sbrk
 .text.SystemInit
                0x0000000008000c74        0xc Core/Src/system_stm32f2xx.o
                0x0000000008000c74                SystemInit
 .text.Reset_Handler
                0x0000000008000c80       0x50 Core/Startup/startup_stm32f207igtx.o
                0x0000000008000c80                Reset_Handler
 .text.Default_Handler
                0x0000000008000cd0        0x2 Core/Startup/startup_stm32f207igtx.o
                0x0000000008000cd0                RTC_Alarm_IRQHandler
                0x0000000008000cd0                HASH_RNG_IRQHandler
                0x0000000008000cd0                EXTI2_IRQHandler
                0x0000000008000cd0                TIM8_CC_IRQHandler
                0x0000000008000cd0                TIM1_CC_IRQHandler
                0x0000000008000cd0                DMA2_Stream5_IRQHandler
                0x0000000008000cd0                DMA1_Stream5_IRQHandler
                0x0000000008000cd0                PVD_IRQHandler
                0x0000000008000cd0                SDIO_IRQHandler
                0x0000000008000cd0                TAMP_STAMP_IRQHandler
                0x0000000008000cd0                CAN2_RX1_IRQHandler
                0x0000000008000cd0                EXTI3_IRQHandler
                0x0000000008000cd0                TIM1_UP_TIM10_IRQHandler
                0x0000000008000cd0                TIM8_UP_TIM13_IRQHandler
                0x0000000008000cd0                I2C3_ER_IRQHandler
                0x0000000008000cd0                EXTI0_IRQHandler
                0x0000000008000cd0                I2C2_EV_IRQHandler
                0x0000000008000cd0                DMA1_Stream2_IRQHandler
                0x0000000008000cd0                CAN1_RX0_IRQHandler
                0x0000000008000cd0                OTG_HS_WKUP_IRQHandler
                0x0000000008000cd0                CAN2_SCE_IRQHandler
                0x0000000008000cd0                DMA2_Stream2_IRQHandler
                0x0000000008000cd0                SPI1_IRQHandler
                0x0000000008000cd0                TIM6_DAC_IRQHandler
                0x0000000008000cd0                TIM1_BRK_TIM9_IRQHandler
                0x0000000008000cd0                DCMI_IRQHandler
                0x0000000008000cd0                CAN2_RX0_IRQHandler
                0x0000000008000cd0                DMA2_Stream3_IRQHandler
                0x0000000008000cd0                USART6_IRQHandler
                0x0000000008000cd0                USART3_IRQHandler
                0x0000000008000cd0                CAN1_RX1_IRQHandler
                0x0000000008000cd0                UART5_IRQHandler
                0x0000000008000cd0                DMA2_Stream0_IRQHandler
                0x0000000008000cd0                TIM4_IRQHandler
                0x0000000008000cd0                I2C1_EV_IRQHandler
                0x0000000008000cd0                DMA1_Stream6_IRQHandler
                0x0000000008000cd0                DMA1_Stream1_IRQHandler
                0x0000000008000cd0                UART4_IRQHandler
                0x0000000008000cd0                TIM3_IRQHandler
                0x0000000008000cd0                RCC_IRQHandler
                0x0000000008000cd0                TIM8_BRK_TIM12_IRQHandler
                0x0000000008000cd0                Default_Handler
                0x0000000008000cd0                EXTI15_10_IRQHandler
                0x0000000008000cd0                ADC_IRQHandler
                0x0000000008000cd0                DMA1_Stream7_IRQHandler
                0x0000000008000cd0                TIM7_IRQHandler
                0x0000000008000cd0                CAN2_TX_IRQHandler
                0x0000000008000cd0                TIM5_IRQHandler
                0x0000000008000cd0                DMA2_Stream7_IRQHandler
                0x0000000008000cd0                I2C3_EV_IRQHandler
                0x0000000008000cd0                EXTI9_5_IRQHandler
                0x0000000008000cd0                RTC_WKUP_IRQHandler
                0x0000000008000cd0                ETH_WKUP_IRQHandler
                0x0000000008000cd0                SPI2_IRQHandler
                0x0000000008000cd0                OTG_HS_EP1_IN_IRQHandler
                0x0000000008000cd0                DMA1_Stream0_IRQHandler
                0x0000000008000cd0                CAN1_TX_IRQHandler
                0x0000000008000cd0                EXTI4_IRQHandler
                0x0000000008000cd0                FSMC_IRQHandler
                0x0000000008000cd0                ETH_IRQHandler
                0x0000000008000cd0                OTG_HS_EP1_OUT_IRQHandler
                0x0000000008000cd0                WWDG_IRQHandler
                0x0000000008000cd0                TIM2_IRQHandler
                0x0000000008000cd0                OTG_FS_WKUP_IRQHandler
                0x0000000008000cd0                TIM1_TRG_COM_TIM11_IRQHandler
                0x0000000008000cd0                OTG_HS_IRQHandler
                0x0000000008000cd0                EXTI1_IRQHandler
                0x0000000008000cd0                USART2_IRQHandler
                0x0000000008000cd0                I2C2_ER_IRQHandler
                0x0000000008000cd0                DMA2_Stream1_IRQHandler
                0x0000000008000cd0                CAN1_SCE_IRQHandler
                0x0000000008000cd0                FLASH_IRQHandler
                0x0000000008000cd0                DMA2_Stream4_IRQHandler
                0x0000000008000cd0                USART1_IRQHandler
                0x0000000008000cd0                SPI3_IRQHandler
                0x0000000008000cd0                DMA1_Stream4_IRQHandler
                0x0000000008000cd0                I2C1_ER_IRQHandler
                0x0000000008000cd0                DMA2_Stream6_IRQHandler
                0x0000000008000cd0                DMA1_Stream3_IRQHandler
 *fill*         0x0000000008000cd2        0x2 
 .text.HAL_Init
                0x0000000008000cd4       0x44 Drivers/STM32F2xx_HAL_Driver/Src/stm32f2xx_hal.o
                0x0000000008000cd4                HAL_Init
 .text.HAL_InitTick
                0x0000000008000d18       0x60 Drivers/STM32F2xx_HAL_Driver/Src/stm32f2xx_hal.o
                0x0000000008000d18                HAL_InitTick
 .text.HAL_IncTick
                0x0000000008000d78       0x24 Drivers/STM32F2xx_HAL_Driver/Src/stm32f2xx_hal.o
                0x0000000008000d78                HAL_IncTick
 .text.HAL_GetTick
                0x0000000008000d9c       0x14 Drivers/STM32F2xx_HAL_Driver/Src/stm32f2xx_hal.o
                0x0000000008000d9c                HAL_GetTick
 .text.HAL_Delay
                0x0000000008000db0       0x44 Drivers/STM32F2xx_HAL_Driver/Src/stm32f2xx_hal.o
                0x0000000008000db0                HAL_Delay
 .text.__NVIC_SetPriorityGrouping
                0x0000000008000df4       0x48 Drivers/STM32F2xx_HAL_Driver/Src/stm32f2xx_hal_cortex.o
 .text.__NVIC_GetPriorityGrouping
                0x0000000008000e3c       0x1c Drivers/STM32F2xx_HAL_Driver/Src/stm32f2xx_hal_cortex.o
 .text.__NVIC_EnableIRQ
                0x0000000008000e58       0x38 Drivers/STM32F2xx_HAL_Driver/Src/stm32f2xx_hal_cortex.o
 .text.__NVIC_SetPriority
                0x0000000008000e90       0x54 Drivers/STM32F2xx_HAL_Driver/Src/stm32f2xx_hal_cortex.o
 .text.NVIC_EncodePriority
                0x0000000008000ee4       0x64 Drivers/STM32F2xx_HAL_Driver/Src/stm32f2xx_hal_cortex.o
 .text.SysTick_Config
                0x0000000008000f48       0x44 Drivers/STM32F2xx_HAL_Driver/Src/stm32f2xx_hal_cortex.o
 .text.HAL_NVIC_SetPriorityGrouping
                0x0000000008000f8c       0x16 Drivers/STM32F2xx_HAL_Driver/Src/stm32f2xx_hal_cortex.o
                0x0000000008000f8c                HAL_NVIC_SetPriorityGrouping
 .text.HAL_NVIC_SetPriority
                0x0000000008000fa2       0x38 Drivers/STM32F2xx_HAL_Driver/Src/stm32f2xx_hal_cortex.o
                0x0000000008000fa2                HAL_NVIC_SetPriority
 .text.HAL_NVIC_EnableIRQ
                0x0000000008000fda       0x1c Drivers/STM32F2xx_HAL_Driver/Src/stm32f2xx_hal_cortex.o
                0x0000000008000fda                HAL_NVIC_EnableIRQ
 .text.HAL_SYSTICK_Config
                0x0000000008000ff6       0x18 Drivers/STM32F2xx_HAL_Driver/Src/stm32f2xx_hal_cortex.o
                0x0000000008000ff6                HAL_SYSTICK_Config
 *fill*         0x000000000800100e        0x2 
 .text.HAL_GPIO_Init
                0x0000000008001010      0x33c Drivers/STM32F2xx_HAL_Driver/Src/stm32f2xx_hal_gpio.o
                0x0000000008001010                HAL_GPIO_Init
 .text.HAL_GPIO_WritePin
                0x000000000800134c       0x30 Drivers/STM32F2xx_HAL_Driver/Src/stm32f2xx_hal_gpio.o
                0x000000000800134c                HAL_GPIO_WritePin
 .text.HAL_PCD_Init
                0x000000000800137c      0x23a Drivers/STM32F2xx_HAL_Driver/Src/stm32f2xx_hal_pcd.o
                0x000000000800137c                HAL_PCD_Init
 .text.HAL_PCD_Start
                0x00000000080015b6       0x44 Drivers/STM32F2xx_HAL_Driver/Src/stm32f2xx_hal_pcd.o
                0x00000000080015b6                HAL_PCD_Start
 .text.HAL_PCD_IRQHandler
                0x00000000080015fa      0x748 Drivers/STM32F2xx_HAL_Driver/Src/stm32f2xx_hal_pcd.o
                0x00000000080015fa                HAL_PCD_IRQHandler
 .text.HAL_PCD_SetAddress
                0x0000000008001d42       0x4a Drivers/STM32F2xx_HAL_Driver/Src/stm32f2xx_hal_pcd.o
                0x0000000008001d42                HAL_PCD_SetAddress
 .text.HAL_PCD_EP_Open
                0x0000000008001d8c       0xd0 Drivers/STM32F2xx_HAL_Driver/Src/stm32f2xx_hal_pcd.o
                0x0000000008001d8c                HAL_PCD_EP_Open
 .text.HAL_PCD_EP_Close
                0x0000000008001e5c       0x94 Drivers/STM32F2xx_HAL_Driver/Src/stm32f2xx_hal_pcd.o
                0x0000000008001e5c                HAL_PCD_EP_Close
 .text.HAL_PCD_EP_Receive
                0x0000000008001ef0       0x96 Drivers/STM32F2xx_HAL_Driver/Src/stm32f2xx_hal_pcd.o
                0x0000000008001ef0                HAL_PCD_EP_Receive
 .text.HAL_PCD_EP_GetRxCount
                0x0000000008001f86       0x2e Drivers/STM32F2xx_HAL_Driver/Src/stm32f2xx_hal_pcd.o
                0x0000000008001f86                HAL_PCD_EP_GetRxCount
 .text.HAL_PCD_EP_Transmit
                0x0000000008001fb4       0x94 Drivers/STM32F2xx_HAL_Driver/Src/stm32f2xx_hal_pcd.o
                0x0000000008001fb4                HAL_PCD_EP_Transmit
 .text.HAL_PCD_EP_SetStall
                0x0000000008002048       0xc8 Drivers/STM32F2xx_HAL_Driver/Src/stm32f2xx_hal_pcd.o
                0x0000000008002048                HAL_PCD_EP_SetStall
 .text.HAL_PCD_EP_ClrStall
                0x0000000008002110       0xac Drivers/STM32F2xx_HAL_Driver/Src/stm32f2xx_hal_pcd.o
                0x0000000008002110                HAL_PCD_EP_ClrStall
 .text.PCD_WriteEmptyTxFifo
                0x00000000080021bc      0x11a Drivers/STM32F2xx_HAL_Driver/Src/stm32f2xx_hal_pcd.o
 *fill*         0x00000000080022d6        0x2 
 .text.PCD_EP_OutXfrComplete_int
                0x00000000080022d8      0x218 Drivers/STM32F2xx_HAL_Driver/Src/stm32f2xx_hal_pcd.o
 .text.PCD_EP_OutSetupPacket_int
                0x00000000080024f0       0x8c Drivers/STM32F2xx_HAL_Driver/Src/stm32f2xx_hal_pcd.o
 .text.HAL_PCDEx_SetTxFiFo
                0x000000000800257c       0x8c Drivers/STM32F2xx_HAL_Driver/Src/stm32f2xx_hal_pcd_ex.o
                0x000000000800257c                HAL_PCDEx_SetTxFiFo
 .text.HAL_PCDEx_SetRxFiFo
                0x0000000008002608       0x20 Drivers/STM32F2xx_HAL_Driver/Src/stm32f2xx_hal_pcd_ex.o
                0x0000000008002608                HAL_PCDEx_SetRxFiFo
 .text.HAL_RCC_OscConfig
                0x0000000008002628      0x4a0 Drivers/STM32F2xx_HAL_Driver/Src/stm32f2xx_hal_rcc.o
                0x0000000008002628                HAL_RCC_OscConfig
 .text.HAL_RCC_ClockConfig
                0x0000000008002ac8      0x1d8 Drivers/STM32F2xx_HAL_Driver/Src/stm32f2xx_hal_rcc.o
                0x0000000008002ac8                HAL_RCC_ClockConfig
 .text.HAL_RCC_GetSysClockFreq
                0x0000000008002ca0      0x1b0 Drivers/STM32F2xx_HAL_Driver/Src/stm32f2xx_hal_rcc.o
                0x0000000008002ca0                HAL_RCC_GetSysClockFreq
 .text.HAL_RCC_GetHCLKFreq
                0x0000000008002e50       0x14 Drivers/STM32F2xx_HAL_Driver/Src/stm32f2xx_hal_rcc.o
                0x0000000008002e50                HAL_RCC_GetHCLKFreq
 .text.HAL_TIM_Base_Init
                0x0000000008002e64       0x9e Drivers/STM32F2xx_HAL_Driver/Src/stm32f2xx_hal_tim.o
                0x0000000008002e64                HAL_TIM_Base_Init
 *fill*         0x0000000008002f02        0x2 
 .text.HAL_TIM_Base_Start_IT
                0x0000000008002f04       0xdc Drivers/STM32F2xx_HAL_Driver/Src/stm32f2xx_hal_tim.o
                0x0000000008002f04                HAL_TIM_Base_Start_IT
 .text.HAL_TIM_IRQHandler
                0x0000000008002fe0      0x210 Drivers/STM32F2xx_HAL_Driver/Src/stm32f2xx_hal_tim.o
                0x0000000008002fe0                HAL_TIM_IRQHandler
 .text.HAL_TIM_PeriodElapsedCallback
                0x00000000080031f0       0x12 Drivers/STM32F2xx_HAL_Driver/Src/stm32f2xx_hal_tim.o
                0x00000000080031f0                HAL_TIM_PeriodElapsedCallback
 .text.HAL_TIM_OC_DelayElapsedCallback
                0x0000000008003202       0x12 Drivers/STM32F2xx_HAL_Driver/Src/stm32f2xx_hal_tim.o
                0x0000000008003202                HAL_TIM_OC_DelayElapsedCallback
 .text.HAL_TIM_IC_CaptureCallback
                0x0000000008003214       0x12 Drivers/STM32F2xx_HAL_Driver/Src/stm32f2xx_hal_tim.o
                0x0000000008003214                HAL_TIM_IC_CaptureCallback
 .text.HAL_TIM_PWM_PulseFinishedCallback
                0x0000000008003226       0x12 Drivers/STM32F2xx_HAL_Driver/Src/stm32f2xx_hal_tim.o
                0x0000000008003226                HAL_TIM_PWM_PulseFinishedCallback
 .text.HAL_TIM_TriggerCallback
                0x0000000008003238       0x12 Drivers/STM32F2xx_HAL_Driver/Src/stm32f2xx_hal_tim.o
                0x0000000008003238                HAL_TIM_TriggerCallback
 *fill*         0x000000000800324a        0x2 
 .text.TIM_Base_SetConfig
                0x000000000800324c      0x13c Drivers/STM32F2xx_HAL_Driver/Src/stm32f2xx_hal_tim.o
                0x000000000800324c                TIM_Base_SetConfig
 .text.HAL_TIMEx_CommutCallback
                0x0000000008003388       0x12 Drivers/STM32F2xx_HAL_Driver/Src/stm32f2xx_hal_tim_ex.o
                0x0000000008003388                HAL_TIMEx_CommutCallback
 .text.HAL_TIMEx_BreakCallback
                0x000000000800339a       0x12 Drivers/STM32F2xx_HAL_Driver/Src/stm32f2xx_hal_tim_ex.o
                0x000000000800339a                HAL_TIMEx_BreakCallback
 .text.USB_CoreInit
                0x00000000080033ac       0xae Drivers/STM32F2xx_HAL_Driver/Src/stm32f2xx_ll_usb.o
                0x00000000080033ac                USB_CoreInit
 *fill*         0x000000000800345a        0x2 
 .text.USB_SetTurnaroundTime
                0x000000000800345c      0x144 Drivers/STM32F2xx_HAL_Driver/Src/stm32f2xx_ll_usb.o
                0x000000000800345c                USB_SetTurnaroundTime
 .text.USB_EnableGlobalInt
                0x00000000080035a0       0x20 Drivers/STM32F2xx_HAL_Driver/Src/stm32f2xx_ll_usb.o
                0x00000000080035a0                USB_EnableGlobalInt
 .text.USB_DisableGlobalInt
                0x00000000080035c0       0x20 Drivers/STM32F2xx_HAL_Driver/Src/stm32f2xx_ll_usb.o
                0x00000000080035c0                USB_DisableGlobalInt
 .text.USB_SetCurrentMode
                0x00000000080035e0       0x98 Drivers/STM32F2xx_HAL_Driver/Src/stm32f2xx_ll_usb.o
                0x00000000080035e0                USB_SetCurrentMode
 .text.USB_DevInit
                0x0000000008003678      0x2c8 Drivers/STM32F2xx_HAL_Driver/Src/stm32f2xx_ll_usb.o
                0x0000000008003678                USB_DevInit
 .text.USB_FlushTxFifo
                0x0000000008003940       0x48 Drivers/STM32F2xx_HAL_Driver/Src/stm32f2xx_ll_usb.o
                0x0000000008003940                USB_FlushTxFifo
 .text.USB_FlushRxFifo
                0x0000000008003988       0x40 Drivers/STM32F2xx_HAL_Driver/Src/stm32f2xx_ll_usb.o
                0x0000000008003988                USB_FlushRxFifo
 .text.USB_SetDevSpeed
                0x00000000080039c8       0x30 Drivers/STM32F2xx_HAL_Driver/Src/stm32f2xx_ll_usb.o
                0x00000000080039c8                USB_SetDevSpeed
 .text.USB_GetDevSpeed
                0x00000000080039f8       0x48 Drivers/STM32F2xx_HAL_Driver/Src/stm32f2xx_ll_usb.o
                0x00000000080039f8                USB_GetDevSpeed
 .text.USB_ActivateEndpoint
                0x0000000008003a40      0x10c Drivers/STM32F2xx_HAL_Driver/Src/stm32f2xx_ll_usb.o
                0x0000000008003a40                USB_ActivateEndpoint
 .text.USB_DeactivateEndpoint
                0x0000000008003b4c      0x1b8 Drivers/STM32F2xx_HAL_Driver/Src/stm32f2xx_ll_usb.o
                0x0000000008003b4c                USB_DeactivateEndpoint
 .text.USB_EPStartXfer
                0x0000000008003d04      0x488 Drivers/STM32F2xx_HAL_Driver/Src/stm32f2xx_ll_usb.o
                0x0000000008003d04                USB_EPStartXfer
 .text.USB_EP0StartXfer
                0x000000000800418c      0x2a4 Drivers/STM32F2xx_HAL_Driver/Src/stm32f2xx_ll_usb.o
                0x000000000800418c                USB_EP0StartXfer
 .text.USB_WritePacket
                0x0000000008004430       0x7a Drivers/STM32F2xx_HAL_Driver/Src/stm32f2xx_ll_usb.o
                0x0000000008004430                USB_WritePacket
 .text.USB_ReadPacket
                0x00000000080044aa       0xae Drivers/STM32F2xx_HAL_Driver/Src/stm32f2xx_ll_usb.o
                0x00000000080044aa                USB_ReadPacket
 .text.USB_EPSetStall
                0x0000000008004558       0xda Drivers/STM32F2xx_HAL_Driver/Src/stm32f2xx_ll_usb.o
                0x0000000008004558                USB_EPSetStall
 .text.USB_EPClearStall
                0x0000000008004632       0xca Drivers/STM32F2xx_HAL_Driver/Src/stm32f2xx_ll_usb.o
                0x0000000008004632                USB_EPClearStall
 .text.USB_SetDevAddress
                0x00000000080046fc       0x4a Drivers/STM32F2xx_HAL_Driver/Src/stm32f2xx_ll_usb.o
                0x00000000080046fc                USB_SetDevAddress
 .text.USB_DevConnect
                0x0000000008004746       0x40 Drivers/STM32F2xx_HAL_Driver/Src/stm32f2xx_ll_usb.o
                0x0000000008004746                USB_DevConnect
 .text.USB_DevDisconnect
                0x0000000008004786       0x40 Drivers/STM32F2xx_HAL_Driver/Src/stm32f2xx_ll_usb.o
                0x0000000008004786                USB_DevDisconnect
 .text.USB_ReadInterrupts
                0x00000000080047c6       0x24 Drivers/STM32F2xx_HAL_Driver/Src/stm32f2xx_ll_usb.o
                0x00000000080047c6                USB_ReadInterrupts
 .text.USB_ReadDevAllOutEpInterrupt
                0x00000000080047ea       0x32 Drivers/STM32F2xx_HAL_Driver/Src/stm32f2xx_ll_usb.o
                0x00000000080047ea                USB_ReadDevAllOutEpInterrupt
 .text.USB_ReadDevAllInEpInterrupt
                0x000000000800481c       0x32 Drivers/STM32F2xx_HAL_Driver/Src/stm32f2xx_ll_usb.o
                0x000000000800481c                USB_ReadDevAllInEpInterrupt
 .text.USB_ReadDevOutEPInterrupt
                0x000000000800484e       0x3a Drivers/STM32F2xx_HAL_Driver/Src/stm32f2xx_ll_usb.o
                0x000000000800484e                USB_ReadDevOutEPInterrupt
 .text.USB_ReadDevInEPInterrupt
                0x0000000008004888       0x5a Drivers/STM32F2xx_HAL_Driver/Src/stm32f2xx_ll_usb.o
                0x0000000008004888                USB_ReadDevInEPInterrupt
 .text.USB_GetMode
                0x00000000080048e2       0x1a Drivers/STM32F2xx_HAL_Driver/Src/stm32f2xx_ll_usb.o
                0x00000000080048e2                USB_GetMode
 .text.USB_ActivateSetup
                0x00000000080048fc       0x44 Drivers/STM32F2xx_HAL_Driver/Src/stm32f2xx_ll_usb.o
                0x00000000080048fc                USB_ActivateSetup
 .text.USB_EP0_OutStart
                0x0000000008004940       0xb8 Drivers/STM32F2xx_HAL_Driver/Src/stm32f2xx_ll_usb.o
                0x0000000008004940                USB_EP0_OutStart
 .text.USB_CoreReset
                0x00000000080049f8       0x64 Drivers/STM32F2xx_HAL_Driver/Src/stm32f2xx_ll_usb.o
 .text.USBD_CDC_Init
                0x0000000008004a5c       0xf6 Middlewares/ST/STM32_USB_Device_Library/Class/CDC/Src/usbd_cdc.o
 .text.USBD_CDC_DeInit
                0x0000000008004b52       0x6e Middlewares/ST/STM32_USB_Device_Library/Class/CDC/Src/usbd_cdc.o
 .text.USBD_CDC_Setup
                0x0000000008004bc0      0x140 Middlewares/ST/STM32_USB_Device_Library/Class/CDC/Src/usbd_cdc.o
 .text.USBD_CDC_DataIn
                0x0000000008004d00       0xa6 Middlewares/ST/STM32_USB_Device_Library/Class/CDC/Src/usbd_cdc.o
 .text.USBD_CDC_DataOut
                0x0000000008004da6       0x56 Middlewares/ST/STM32_USB_Device_Library/Class/CDC/Src/usbd_cdc.o
 .text.USBD_CDC_EP0_RxReady
                0x0000000008004dfc       0x50 Middlewares/ST/STM32_USB_Device_Library/Class/CDC/Src/usbd_cdc.o
 .text.USBD_CDC_GetFSCfgDesc
                0x0000000008004e4c       0x20 Middlewares/ST/STM32_USB_Device_Library/Class/CDC/Src/usbd_cdc.o
 .text.USBD_CDC_GetHSCfgDesc
                0x0000000008004e6c       0x20 Middlewares/ST/STM32_USB_Device_Library/Class/CDC/Src/usbd_cdc.o
 .text.USBD_CDC_GetOtherSpeedCfgDesc
                0x0000000008004e8c       0x20 Middlewares/ST/STM32_USB_Device_Library/Class/CDC/Src/usbd_cdc.o
 .text.USBD_CDC_GetDeviceQualifierDescriptor
                0x0000000008004eac       0x20 Middlewares/ST/STM32_USB_Device_Library/Class/CDC/Src/usbd_cdc.o
                0x0000000008004eac                USBD_CDC_GetDeviceQualifierDescriptor
 .text.USBD_CDC_RegisterInterface
                0x0000000008004ecc       0x2c Middlewares/ST/STM32_USB_Device_Library/Class/CDC/Src/usbd_cdc.o
                0x0000000008004ecc                USBD_CDC_RegisterInterface
 .text.USBD_CDC_SetTxBuffer
                0x0000000008004ef8       0x32 Middlewares/ST/STM32_USB_Device_Library/Class/CDC/Src/usbd_cdc.o
                0x0000000008004ef8                USBD_CDC_SetTxBuffer
 .text.USBD_CDC_SetRxBuffer
                0x0000000008004f2a       0x26 Middlewares/ST/STM32_USB_Device_Library/Class/CDC/Src/usbd_cdc.o
                0x0000000008004f2a                USBD_CDC_SetRxBuffer
 .text.USBD_CDC_TransmitPacket
                0x0000000008004f50       0x5e Middlewares/ST/STM32_USB_Device_Library/Class/CDC/Src/usbd_cdc.o
                0x0000000008004f50                USBD_CDC_TransmitPacket
 .text.USBD_CDC_ReceivePacket
                0x0000000008004fae       0x54 Middlewares/ST/STM32_USB_Device_Library/Class/CDC/Src/usbd_cdc.o
                0x0000000008004fae                USBD_CDC_ReceivePacket
 .text.USBD_Init
                0x0000000008005002       0x56 Middlewares/ST/STM32_USB_Device_Library/Core/Src/usbd_core.o
                0x0000000008005002                USBD_Init
 .text.USBD_RegisterClass
                0x0000000008005058       0x32 Middlewares/ST/STM32_USB_Device_Library/Core/Src/usbd_core.o
                0x0000000008005058                USBD_RegisterClass
 .text.USBD_Start
                0x000000000800508a       0x18 Middlewares/ST/STM32_USB_Device_Library/Core/Src/usbd_core.o
                0x000000000800508a                USBD_Start
 .text.USBD_RunTestMode
                0x00000000080050a2       0x14 Middlewares/ST/STM32_USB_Device_Library/Core/Src/usbd_core.o
                0x00000000080050a2                USBD_RunTestMode
 .text.USBD_SetClassConfig
                0x00000000080050b6       0x3e Middlewares/ST/STM32_USB_Device_Library/Core/Src/usbd_core.o
                0x00000000080050b6                USBD_SetClassConfig
 .text.USBD_ClrClassConfig
                0x00000000080050f4       0x26 Middlewares/ST/STM32_USB_Device_Library/Core/Src/usbd_core.o
                0x00000000080050f4                USBD_ClrClassConfig
 .text.USBD_LL_SetupStage
                0x000000000800511a       0x96 Middlewares/ST/STM32_USB_Device_Library/Core/Src/usbd_core.o
                0x000000000800511a                USBD_LL_SetupStage
 .text.USBD_LL_DataOutStage
                0x00000000080051b0       0xe2 Middlewares/ST/STM32_USB_Device_Library/Core/Src/usbd_core.o
                0x00000000080051b0                USBD_LL_DataOutStage
 .text.USBD_LL_DataInStage
                0x0000000008005292      0x14a Middlewares/ST/STM32_USB_Device_Library/Core/Src/usbd_core.o
                0x0000000008005292                USBD_LL_DataInStage
 .text.USBD_LL_Reset
                0x00000000080053dc       0x82 Middlewares/ST/STM32_USB_Device_Library/Core/Src/usbd_core.o
                0x00000000080053dc                USBD_LL_Reset
 .text.USBD_LL_SetSpeed
                0x000000000800545e       0x1e Middlewares/ST/STM32_USB_Device_Library/Core/Src/usbd_core.o
                0x000000000800545e                USBD_LL_SetSpeed
 .text.USBD_LL_Suspend
                0x000000000800547c       0x28 Middlewares/ST/STM32_USB_Device_Library/Core/Src/usbd_core.o
                0x000000000800547c                USBD_LL_Suspend
 .text.USBD_LL_Resume
                0x00000000080054a4       0x2a Middlewares/ST/STM32_USB_Device_Library/Core/Src/usbd_core.o
                0x00000000080054a4                USBD_LL_Resume
 .text.USBD_LL_SOF
                0x00000000080054ce       0x34 Middlewares/ST/STM32_USB_Device_Library/Core/Src/usbd_core.o
                0x00000000080054ce                USBD_LL_SOF
 .text.USBD_LL_IsoINIncomplete
                0x0000000008005502       0x18 Middlewares/ST/STM32_USB_Device_Library/Core/Src/usbd_core.o
                0x0000000008005502                USBD_LL_IsoINIncomplete
 .text.USBD_LL_IsoOUTIncomplete
                0x000000000800551a       0x18 Middlewares/ST/STM32_USB_Device_Library/Core/Src/usbd_core.o
                0x000000000800551a                USBD_LL_IsoOUTIncomplete
 .text.USBD_LL_DevConnected
                0x0000000008005532       0x14 Middlewares/ST/STM32_USB_Device_Library/Core/Src/usbd_core.o
                0x0000000008005532                USBD_LL_DevConnected
 .text.USBD_LL_DevDisconnected
                0x0000000008005546       0x2e Middlewares/ST/STM32_USB_Device_Library/Core/Src/usbd_core.o
                0x0000000008005546                USBD_LL_DevDisconnected
 .text.USBD_StdDevReq
                0x0000000008005574       0xd4 Middlewares/ST/STM32_USB_Device_Library/Core/Src/usbd_ctlreq.o
                0x0000000008005574                USBD_StdDevReq
 .text.USBD_StdItfReq
                0x0000000008005648       0x8c Middlewares/ST/STM32_USB_Device_Library/Core/Src/usbd_ctlreq.o
                0x0000000008005648                USBD_StdItfReq
 .text.USBD_StdEPReq
                0x00000000080056d4      0x2ba Middlewares/ST/STM32_USB_Device_Library/Core/Src/usbd_ctlreq.o
                0x00000000080056d4                USBD_StdEPReq
 *fill*         0x000000000800598e        0x2 
 .text.USBD_GetDescriptor
                0x0000000008005990      0x2d0 Middlewares/ST/STM32_USB_Device_Library/Core/Src/usbd_ctlreq.o
 .text.USBD_SetAddress
                0x0000000008005c60       0x84 Middlewares/ST/STM32_USB_Device_Library/Core/Src/usbd_ctlreq.o
 .text.USBD_SetConfig
                0x0000000008005ce4      0x11c Middlewares/ST/STM32_USB_Device_Library/Core/Src/usbd_ctlreq.o
 .text.USBD_GetConfig
                0x0000000008005e00       0x68 Middlewares/ST/STM32_USB_Device_Library/Core/Src/usbd_ctlreq.o
 .text.USBD_GetStatus
                0x0000000008005e68       0x66 Middlewares/ST/STM32_USB_Device_Library/Core/Src/usbd_ctlreq.o
 .text.USBD_SetFeature
                0x0000000008005ece       0x28 Middlewares/ST/STM32_USB_Device_Library/Core/Src/usbd_ctlreq.o
 .text.USBD_ClrFeature
                0x0000000008005ef6       0x42 Middlewares/ST/STM32_USB_Device_Library/Core/Src/usbd_ctlreq.o
 .text.USBD_ParseSetupRequest
                0x0000000008005f38       0x78 Middlewares/ST/STM32_USB_Device_Library/Core/Src/usbd_ctlreq.o
                0x0000000008005f38                USBD_ParseSetupRequest
 .text.USBD_CtlError
                0x0000000008005fb0       0x22 Middlewares/ST/STM32_USB_Device_Library/Core/Src/usbd_ctlreq.o
                0x0000000008005fb0                USBD_CtlError
 .text.USBD_GetString
                0x0000000008005fd2       0x84 Middlewares/ST/STM32_USB_Device_Library/Core/Src/usbd_ctlreq.o
                0x0000000008005fd2                USBD_GetString
 .text.USBD_GetLen
                0x0000000008006056       0x2e Middlewares/ST/STM32_USB_Device_Library/Core/Src/usbd_ctlreq.o
 .text.USBD_CtlSendData
                0x0000000008006084       0x38 Middlewares/ST/STM32_USB_Device_Library/Core/Src/usbd_ioreq.o
                0x0000000008006084                USBD_CtlSendData
 .text.USBD_CtlContinueSendData
                0x00000000080060bc       0x24 Middlewares/ST/STM32_USB_Device_Library/Core/Src/usbd_ioreq.o
                0x00000000080060bc                USBD_CtlContinueSendData
 .text.USBD_CtlPrepareRx
                0x00000000080060e0       0x3c Middlewares/ST/STM32_USB_Device_Library/Core/Src/usbd_ioreq.o
                0x00000000080060e0                USBD_CtlPrepareRx
 .text.USBD_CtlContinueRx
                0x000000000800611c       0x24 Middlewares/ST/STM32_USB_Device_Library/Core/Src/usbd_ioreq.o
                0x000000000800611c                USBD_CtlContinueRx
 .text.USBD_CtlSendStatus
                0x0000000008006140       0x26 Middlewares/ST/STM32_USB_Device_Library/Core/Src/usbd_ioreq.o
                0x0000000008006140                USBD_CtlSendStatus
 .text.USBD_CtlReceiveStatus
                0x0000000008006166       0x26 Middlewares/ST/STM32_USB_Device_Library/Core/Src/usbd_ioreq.o
                0x0000000008006166                USBD_CtlReceiveStatus
 .text.MX_USB_DEVICE_Init
                0x000000000800618c       0x60 USB_DEVICE/App/usb_device.o
                0x000000000800618c                MX_USB_DEVICE_Init
 .text.CDC_Init_FS
                0x00000000080061ec       0x28 USB_DEVICE/App/usbd_cdc_if.o
 .text.CDC_DeInit_FS
                0x0000000008006214        0xe USB_DEVICE/App/usbd_cdc_if.o
 *fill*         0x0000000008006222        0x2 
 .text.CDC_Control_FS
                0x0000000008006224       0xbc USB_DEVICE/App/usbd_cdc_if.o
 .text.CDC_Receive_FS
                0x00000000080062e0       0x44 USB_DEVICE/App/usbd_cdc_if.o
 .text.CDC_Transmit_FS
                0x0000000008006324       0x4c USB_DEVICE/App/usbd_cdc_if.o
                0x0000000008006324                CDC_Transmit_FS
 .text.USBD_FS_DeviceDescriptor
                0x0000000008006370       0x24 USB_DEVICE/App/usbd_desc.o
                0x0000000008006370                USBD_FS_DeviceDescriptor
 .text.USBD_FS_LangIDStrDescriptor
                0x0000000008006394       0x24 USB_DEVICE/App/usbd_desc.o
                0x0000000008006394                USBD_FS_LangIDStrDescriptor
 .text.USBD_FS_ProductStrDescriptor
                0x00000000080063b8       0x3c USB_DEVICE/App/usbd_desc.o
                0x00000000080063b8                USBD_FS_ProductStrDescriptor
 .text.USBD_FS_ManufacturerStrDescriptor
                0x00000000080063f4       0x28 USB_DEVICE/App/usbd_desc.o
                0x00000000080063f4                USBD_FS_ManufacturerStrDescriptor
 .text.USBD_FS_SerialStrDescriptor
                0x000000000800641c       0x24 USB_DEVICE/App/usbd_desc.o
                0x000000000800641c                USBD_FS_SerialStrDescriptor
 .text.USBD_FS_ConfigStrDescriptor
                0x0000000008006440       0x3c USB_DEVICE/App/usbd_desc.o
                0x0000000008006440                USBD_FS_ConfigStrDescriptor
 .text.USBD_FS_InterfaceStrDescriptor
                0x000000000800647c       0x3c USB_DEVICE/App/usbd_desc.o
                0x000000000800647c                USBD_FS_InterfaceStrDescriptor
 .text.Get_SerialNum
                0x00000000080064b8       0x58 USB_DEVICE/App/usbd_desc.o
 .text.IntToUnicode
                0x0000000008006510       0x7a USB_DEVICE/App/usbd_desc.o
 *fill*         0x000000000800658a        0x2 
 .text.HAL_PCD_MspInit
                0x000000000800658c       0xa8 USB_DEVICE/Target/usbd_conf.o
                0x000000000800658c                HAL_PCD_MspInit
 .text.HAL_PCD_SetupStageCallback
                0x0000000008006634       0x24 USB_DEVICE/Target/usbd_conf.o
                0x0000000008006634                HAL_PCD_SetupStageCallback
 .text.HAL_PCD_DataOutStageCallback
                0x0000000008006658       0x36 USB_DEVICE/Target/usbd_conf.o
                0x0000000008006658                HAL_PCD_DataOutStageCallback
 .text.HAL_PCD_DataInStageCallback
                0x000000000800668e       0x34 USB_DEVICE/Target/usbd_conf.o
                0x000000000800668e                HAL_PCD_DataInStageCallback
 .text.HAL_PCD_SOFCallback
                0x00000000080066c2       0x1c USB_DEVICE/Target/usbd_conf.o
                0x00000000080066c2                HAL_PCD_SOFCallback
 .text.HAL_PCD_ResetCallback
                0x00000000080066de       0x50 USB_DEVICE/Target/usbd_conf.o
                0x00000000080066de                HAL_PCD_ResetCallback
 *fill*         0x000000000800672e        0x2 
 .text.HAL_PCD_SuspendCallback
                0x0000000008006730       0x4c USB_DEVICE/Target/usbd_conf.o
                0x0000000008006730                HAL_PCD_SuspendCallback
 .text.HAL_PCD_ResumeCallback
                0x000000000800677c       0x1c USB_DEVICE/Target/usbd_conf.o
                0x000000000800677c                HAL_PCD_ResumeCallback
 .text.HAL_PCD_ISOOUTIncompleteCallback
                0x0000000008006798       0x24 USB_DEVICE/Target/usbd_conf.o
                0x0000000008006798                HAL_PCD_ISOOUTIncompleteCallback
 .text.HAL_PCD_ISOINIncompleteCallback
                0x00000000080067bc       0x24 USB_DEVICE/Target/usbd_conf.o
                0x00000000080067bc                HAL_PCD_ISOINIncompleteCallback
 .text.HAL_PCD_ConnectCallback
                0x00000000080067e0       0x1c USB_DEVICE/Target/usbd_conf.o
                0x00000000080067e0                HAL_PCD_ConnectCallback
 .text.HAL_PCD_DisconnectCallback
                0x00000000080067fc       0x1c USB_DEVICE/Target/usbd_conf.o
                0x00000000080067fc                HAL_PCD_DisconnectCallback
 .text.USBD_LL_Init
                0x0000000008006818       0x94 USB_DEVICE/Target/usbd_conf.o
                0x0000000008006818                USBD_LL_Init
 .text.USBD_LL_Start
                0x00000000080068ac       0x36 USB_DEVICE/Target/usbd_conf.o
                0x00000000080068ac                USBD_LL_Start
 .text.USBD_LL_OpenEP
                0x00000000080068e2       0x4c USB_DEVICE/Target/usbd_conf.o
                0x00000000080068e2                USBD_LL_OpenEP
 .text.USBD_LL_CloseEP
                0x000000000800692e       0x3e USB_DEVICE/Target/usbd_conf.o
                0x000000000800692e                USBD_LL_CloseEP
 .text.USBD_LL_StallEP
                0x000000000800696c       0x3e USB_DEVICE/Target/usbd_conf.o
                0x000000000800696c                USBD_LL_StallEP
 .text.USBD_LL_ClearStallEP
                0x00000000080069aa       0x3e USB_DEVICE/Target/usbd_conf.o
                0x00000000080069aa                USBD_LL_ClearStallEP
 .text.USBD_LL_IsStallEP
                0x00000000080069e8       0x56 USB_DEVICE/Target/usbd_conf.o
                0x00000000080069e8                USBD_LL_IsStallEP
 .text.USBD_LL_SetUSBAddress
                0x0000000008006a3e       0x3e USB_DEVICE/Target/usbd_conf.o
                0x0000000008006a3e                USBD_LL_SetUSBAddress
 .text.USBD_LL_Transmit
                0x0000000008006a7c       0x46 USB_DEVICE/Target/usbd_conf.o
                0x0000000008006a7c                USBD_LL_Transmit
 .text.USBD_LL_PrepareReceive
                0x0000000008006ac2       0x46 USB_DEVICE/Target/usbd_conf.o
                0x0000000008006ac2                USBD_LL_PrepareReceive
 .text.USBD_LL_GetRxDataSize
                0x0000000008006b08       0x26 USB_DEVICE/Target/usbd_conf.o
                0x0000000008006b08                USBD_LL_GetRxDataSize
 *fill*         0x0000000008006b2e        0x2 
 .text.USBD_Get_USB_Status
                0x0000000008006b30       0x58 USB_DEVICE/Target/usbd_conf.o
                0x0000000008006b30                USBD_Get_USB_Status
 .text.__errno  0x0000000008006b88        0xc /opt/st/stm32cubeide_1.5.1/plugins/com.st.stm32cube.ide.mcu.externaltools.gnu-tools-for-stm32.7-2018-q2-update.linux64_1.5.0.202011040924/tools/bin/../lib/gcc/arm-none-eabi/7.3.1/../../../../arm-none-eabi/lib/thumb/v7-m/libc_nano.a(lib_a-errno.o)
                0x0000000008006b88                __errno
 .text.__libc_init_array
                0x0000000008006b94       0x48 /opt/st/stm32cubeide_1.5.1/plugins/com.st.stm32cube.ide.mcu.externaltools.gnu-tools-for-stm32.7-2018-q2-update.linux64_1.5.0.202011040924/tools/bin/../lib/gcc/arm-none-eabi/7.3.1/../../../../arm-none-eabi/lib/thumb/v7-m/libc_nano.a(lib_a-init.o)
                0x0000000008006b94                __libc_init_array
 .text.malloc   0x0000000008006bdc       0x10 /opt/st/stm32cubeide_1.5.1/plugins/com.st.stm32cube.ide.mcu.externaltools.gnu-tools-for-stm32.7-2018-q2-update.linux64_1.5.0.202011040924/tools/bin/../lib/gcc/arm-none-eabi/7.3.1/../../../../arm-none-eabi/lib/thumb/v7-m/libc_nano.a(lib_a-malloc.o)
                0x0000000008006bdc                malloc
 .text.free     0x0000000008006bec       0x10 /opt/st/stm32cubeide_1.5.1/plugins/com.st.stm32cube.ide.mcu.externaltools.gnu-tools-for-stm32.7-2018-q2-update.linux64_1.5.0.202011040924/tools/bin/../lib/gcc/arm-none-eabi/7.3.1/../../../../arm-none-eabi/lib/thumb/v7-m/libc_nano.a(lib_a-malloc.o)
                0x0000000008006bec                free
 .text.memset   0x0000000008006bfc       0x10 /opt/st/stm32cubeide_1.5.1/plugins/com.st.stm32cube.ide.mcu.externaltools.gnu-tools-for-stm32.7-2018-q2-update.linux64_1.5.0.202011040924/tools/bin/../lib/gcc/arm-none-eabi/7.3.1/../../../../arm-none-eabi/lib/thumb/v7-m/libc_nano.a(lib_a-memset.o)
                0x0000000008006bfc                memset
 .text._free_r  0x0000000008006c0c       0x98 /opt/st/stm32cubeide_1.5.1/plugins/com.st.stm32cube.ide.mcu.externaltools.gnu-tools-for-stm32.7-2018-q2-update.linux64_1.5.0.202011040924/tools/bin/../lib/gcc/arm-none-eabi/7.3.1/../../../../arm-none-eabi/lib/thumb/v7-m/libc_nano.a(lib_a-nano-freer.o)
                0x0000000008006c0c                _free_r
 .text._malloc_r
                0x0000000008006ca4       0xb4 /opt/st/stm32cubeide_1.5.1/plugins/com.st.stm32cube.ide.mcu.externaltools.gnu-tools-for-stm32.7-2018-q2-update.linux64_1.5.0.202011040924/tools/bin/../lib/gcc/arm-none-eabi/7.3.1/../../../../arm-none-eabi/lib/thumb/v7-m/libc_nano.a(lib_a-nano-mallocr.o)
                0x0000000008006ca4                _malloc_r
 .text._sbrk_r  0x0000000008006d58       0x20 /opt/st/stm32cubeide_1.5.1/plugins/com.st.stm32cube.ide.mcu.externaltools.gnu-tools-for-stm32.7-2018-q2-update.linux64_1.5.0.202011040924/tools/bin/../lib/gcc/arm-none-eabi/7.3.1/../../../../arm-none-eabi/lib/thumb/v7-m/libc_nano.a(lib_a-sbrkr.o)
                0x0000000008006d58                _sbrk_r
 .text.strncat  0x0000000008006d78       0x28 /opt/st/stm32cubeide_1.5.1/plugins/com.st.stm32cube.ide.mcu.externaltools.gnu-tools-for-stm32.7-2018-q2-update.linux64_1.5.0.202011040924/tools/bin/../lib/gcc/arm-none-eabi/7.3.1/../../../../arm-none-eabi/lib/thumb/v7-m/libc_nano.a(lib_a-strncat.o)
                0x0000000008006d78                strncat
 .text.__malloc_lock
                0x0000000008006da0        0x2 /opt/st/stm32cubeide_1.5.1/plugins/com.st.stm32cube.ide.mcu.externaltools.gnu-tools-for-stm32.7-2018-q2-update.linux64_1.5.0.202011040924/tools/bin/../lib/gcc/arm-none-eabi/7.3.1/../../../../arm-none-eabi/lib/thumb/v7-m/libc_nano.a(lib_a-mlock.o)
                0x0000000008006da0                __malloc_lock
 .text.__malloc_unlock
                0x0000000008006da2        0x2 /opt/st/stm32cubeide_1.5.1/plugins/com.st.stm32cube.ide.mcu.externaltools.gnu-tools-for-stm32.7-2018-q2-update.linux64_1.5.0.202011040924/tools/bin/../lib/gcc/arm-none-eabi/7.3.1/../../../../arm-none-eabi/lib/thumb/v7-m/libc_nano.a(lib_a-mlock.o)
                0x0000000008006da2                __malloc_unlock
 *(.glue_7)
 .glue_7        0x0000000008006da4        0x0 linker stubs
 *(.glue_7t)
 .glue_7t       0x0000000008006da4        0x0 linker stubs
 *(.eh_frame)
 .eh_frame      0x0000000008006da4        0x0 /opt/st/stm32cubeide_1.5.1/plugins/com.st.stm32cube.ide.mcu.externaltools.gnu-tools-for-stm32.7-2018-q2-update.linux64_1.5.0.202011040924/tools/bin/../lib/gcc/arm-none-eabi/7.3.1/thumb/v7-m/crtbegin.o
 *(.init)
 .init          0x0000000008006da4        0x4 /opt/st/stm32cubeide_1.5.1/plugins/com.st.stm32cube.ide.mcu.externaltools.gnu-tools-for-stm32.7-2018-q2-update.linux64_1.5.0.202011040924/tools/bin/../lib/gcc/arm-none-eabi/7.3.1/thumb/v7-m/crti.o
                0x0000000008006da4                _init
 .init          0x0000000008006da8        0x8 /opt/st/stm32cubeide_1.5.1/plugins/com.st.stm32cube.ide.mcu.externaltools.gnu-tools-for-stm32.7-2018-q2-update.linux64_1.5.0.202011040924/tools/bin/../lib/gcc/arm-none-eabi/7.3.1/thumb/v7-m/crtn.o
 *(.fini)
 .fini          0x0000000008006db0        0x4 /opt/st/stm32cubeide_1.5.1/plugins/com.st.stm32cube.ide.mcu.externaltools.gnu-tools-for-stm32.7-2018-q2-update.linux64_1.5.0.202011040924/tools/bin/../lib/gcc/arm-none-eabi/7.3.1/thumb/v7-m/crti.o
                0x0000000008006db0                _fini
 .fini          0x0000000008006db4        0x8 /opt/st/stm32cubeide_1.5.1/plugins/com.st.stm32cube.ide.mcu.externaltools.gnu-tools-for-stm32.7-2018-q2-update.linux64_1.5.0.202011040924/tools/bin/../lib/gcc/arm-none-eabi/7.3.1/thumb/v7-m/crtn.o
                0x0000000008006dbc                . = ALIGN (0x4)
                0x0000000008006dbc                _etext = .

.vfp11_veneer   0x0000000008006dbc        0x0
 .vfp11_veneer  0x0000000008006dbc        0x0 linker stubs

.v4_bx          0x0000000008006dbc        0x0
 .v4_bx         0x0000000008006dbc        0x0 linker stubs

.iplt           0x0000000008006dbc        0x0
 .iplt          0x0000000008006dbc        0x0 /opt/st/stm32cubeide_1.5.1/plugins/com.st.stm32cube.ide.mcu.externaltools.gnu-tools-for-stm32.7-2018-q2-update.linux64_1.5.0.202011040924/tools/bin/../lib/gcc/arm-none-eabi/7.3.1/thumb/v7-m/crtbegin.o

.rodata         0x0000000008006dbc       0x94
                0x0000000008006dbc                . = ALIGN (0x4)
 *(.rodata)
 .rodata        0x0000000008006dbc       0x3c Communication/Protocol_0x55/Src/protocol_0x55.o
 .rodata        0x0000000008006df8       0x46 USB_DEVICE/App/usbd_desc.o
 *(.rodata*)
 *fill*         0x0000000008006e3e        0x2 
 .rodata.AHBPrescTable
                0x0000000008006e40       0x10 Core/Src/system_stm32f2xx.o
                0x0000000008006e40                AHBPrescTable
                0x0000000008006e50                . = ALIGN (0x4)

.ARM.extab      0x0000000008006e50        0x0
                0x0000000008006e50                . = ALIGN (0x4)
 *(.ARM.extab* .gnu.linkonce.armextab.*)
                0x0000000008006e50                . = ALIGN (0x4)

.ARM            0x0000000008006e50        0x8
                0x0000000008006e50                . = ALIGN (0x4)
                0x0000000008006e50                __exidx_start = .
 *(.ARM.exidx*)
 .ARM.exidx     0x0000000008006e50        0x8 /opt/st/stm32cubeide_1.5.1/plugins/com.st.stm32cube.ide.mcu.externaltools.gnu-tools-for-stm32.7-2018-q2-update.linux64_1.5.0.202011040924/tools/bin/../lib/gcc/arm-none-eabi/7.3.1/thumb/v7-m/libgcc.a(_udivmoddi4.o)
                0x0000000008006e58                __exidx_end = .
                0x0000000008006e58                . = ALIGN (0x4)

.rel.dyn        0x0000000008006e58        0x0
 .rel.iplt      0x0000000008006e58        0x0 /opt/st/stm32cubeide_1.5.1/plugins/com.st.stm32cube.ide.mcu.externaltools.gnu-tools-for-stm32.7-2018-q2-update.linux64_1.5.0.202011040924/tools/bin/../lib/gcc/arm-none-eabi/7.3.1/thumb/v7-m/crtbegin.o

.preinit_array  0x0000000008006e58        0x0
                0x0000000008006e58                . = ALIGN (0x4)
                0x0000000008006e58                PROVIDE (__preinit_array_start = .)
 *(.preinit_array*)
                0x0000000008006e58                PROVIDE (__preinit_array_end = .)
                0x0000000008006e58                . = ALIGN (0x4)

.init_array     0x0000000008006e58        0x4
                0x0000000008006e58                . = ALIGN (0x4)
                0x0000000008006e58                PROVIDE (__init_array_start = .)
 *(SORT_BY_NAME(.init_array.*))
 *(.init_array*)
 .init_array    0x0000000008006e58        0x4 /opt/st/stm32cubeide_1.5.1/plugins/com.st.stm32cube.ide.mcu.externaltools.gnu-tools-for-stm32.7-2018-q2-update.linux64_1.5.0.202011040924/tools/bin/../lib/gcc/arm-none-eabi/7.3.1/thumb/v7-m/crtbegin.o
                0x0000000008006e5c                PROVIDE (__init_array_end = .)
                0x0000000008006e5c                . = ALIGN (0x4)

.fini_array     0x0000000008006e5c        0x4
                0x0000000008006e5c                . = ALIGN (0x4)
                [!provide]                        PROVIDE (__fini_array_start = .)
 *(SORT_BY_NAME(.fini_array.*))
 *(.fini_array*)
 .fini_array    0x0000000008006e5c        0x4 /opt/st/stm32cubeide_1.5.1/plugins/com.st.stm32cube.ide.mcu.externaltools.gnu-tools-for-stm32.7-2018-q2-update.linux64_1.5.0.202011040924/tools/bin/../lib/gcc/arm-none-eabi/7.3.1/thumb/v7-m/crtbegin.o
                [!provide]                        PROVIDE (__fini_array_end = .)
                0x0000000008006e60                . = ALIGN (0x4)
                0x0000000008006e60                _sidata = LOADADDR (.data)

.data           0x0000000020000000      0x1e0 load address 0x0000000008006e60
                0x0000000020000000                . = ALIGN (0x4)
                0x0000000020000000                _sdata = .
 *(.data)
 *(.data*)
 .data.SystemCoreClock
                0x0000000020000000        0x4 Core/Src/system_stm32f2xx.o
                0x0000000020000000                SystemCoreClock
 .data.uwTickPrio
                0x0000000020000004        0x4 Drivers/STM32F2xx_HAL_Driver/Src/stm32f2xx_hal.o
                0x0000000020000004                uwTickPrio
 .data.uwTickFreq
                0x0000000020000008        0x1 Drivers/STM32F2xx_HAL_Driver/Src/stm32f2xx_hal.o
                0x0000000020000008                uwTickFreq
 *fill*         0x0000000020000009        0x3 
 .data.USBD_CDC_DeviceQualifierDesc
                0x000000002000000c        0xa Middlewares/ST/STM32_USB_Device_Library/Class/CDC/Src/usbd_cdc.o
 *fill*         0x0000000020000016        0x2 
 .data.USBD_CDC
                0x0000000020000018       0x38 Middlewares/ST/STM32_USB_Device_Library/Class/CDC/Src/usbd_cdc.o
                0x0000000020000018                USBD_CDC
 .data.USBD_CDC_CfgHSDesc
                0x0000000020000050       0x43 Middlewares/ST/STM32_USB_Device_Library/Class/CDC/Src/usbd_cdc.o
                0x0000000020000050                USBD_CDC_CfgHSDesc
 *fill*         0x0000000020000093        0x1 
 .data.USBD_CDC_CfgFSDesc
                0x0000000020000094       0x43 Middlewares/ST/STM32_USB_Device_Library/Class/CDC/Src/usbd_cdc.o
                0x0000000020000094                USBD_CDC_CfgFSDesc
 *fill*         0x00000000200000d7        0x1 
 .data.USBD_CDC_OtherSpeedCfgDesc
                0x00000000200000d8       0x43 Middlewares/ST/STM32_USB_Device_Library/Class/CDC/Src/usbd_cdc.o
                0x00000000200000d8                USBD_CDC_OtherSpeedCfgDesc
 *fill*         0x000000002000011b        0x1 
 .data.USBD_Interface_fops_FS
                0x000000002000011c       0x10 USB_DEVICE/App/usbd_cdc_if.o
                0x000000002000011c                USBD_Interface_fops_FS
 .data.FS_Desc  0x000000002000012c       0x1c USB_DEVICE/App/usbd_desc.o
                0x000000002000012c                FS_Desc
 .data.USBD_FS_DeviceDesc
                0x0000000020000148       0x12 USB_DEVICE/App/usbd_desc.o
                0x0000000020000148                USBD_FS_DeviceDesc
 *fill*         0x000000002000015a        0x2 
 .data.USBD_LangIDDesc
                0x000000002000015c        0x4 USB_DEVICE/App/usbd_desc.o
                0x000000002000015c                USBD_LangIDDesc
 .data.USBD_StringSerial
                0x0000000020000160       0x1a USB_DEVICE/App/usbd_desc.o
                0x0000000020000160                USBD_StringSerial
 *fill*         0x000000002000017a        0x2 
 .data._impure_ptr
                0x000000002000017c        0x4 /opt/st/stm32cubeide_1.5.1/plugins/com.st.stm32cube.ide.mcu.externaltools.gnu-tools-for-stm32.7-2018-q2-update.linux64_1.5.0.202011040924/tools/bin/../lib/gcc/arm-none-eabi/7.3.1/../../../../arm-none-eabi/lib/thumb/v7-m/libc_nano.a(lib_a-impure.o)
                0x000000002000017c                _impure_ptr
 .data.impure_data
                0x0000000020000180       0x60 /opt/st/stm32cubeide_1.5.1/plugins/com.st.stm32cube.ide.mcu.externaltools.gnu-tools-for-stm32.7-2018-q2-update.linux64_1.5.0.202011040924/tools/bin/../lib/gcc/arm-none-eabi/7.3.1/../../../../arm-none-eabi/lib/thumb/v7-m/libc_nano.a(lib_a-impure.o)
 *(.RamFunc)
 *(.RamFunc*)
                0x00000000200001e0                . = ALIGN (0x4)
                0x00000000200001e0                _edata = .

.igot.plt       0x00000000200001e0        0x0 load address 0x0000000008007040
 .igot.plt      0x00000000200001e0        0x0 /opt/st/stm32cubeide_1.5.1/plugins/com.st.stm32cube.ide.mcu.externaltools.gnu-tools-for-stm32.7-2018-q2-update.linux64_1.5.0.202011040924/tools/bin/../lib/gcc/arm-none-eabi/7.3.1/thumb/v7-m/crtbegin.o
                0x00000000200001e0                . = ALIGN (0x4)

.bss            0x00000000200001e0     0x2158 load address 0x0000000008007040
                0x00000000200001e0                _sbss = .
                0x00000000200001e0                __bss_start__ = _sbss
 *(.bss)
 .bss           0x00000000200001e0       0x1c /opt/st/stm32cubeide_1.5.1/plugins/com.st.stm32cube.ide.mcu.externaltools.gnu-tools-for-stm32.7-2018-q2-update.linux64_1.5.0.202011040924/tools/bin/../lib/gcc/arm-none-eabi/7.3.1/thumb/v7-m/crtbegin.o
 *(.bss*)
 .bss.TIM14_Counter
                0x00000000200001fc        0x4 Core/Src/stm32f2xx_it.o
                0x00000000200001fc                TIM14_Counter
 .bss.__sbrk_heap_end
                0x0000000020000200        0x4 Core/Src/sysmem.o
 .bss.cfgidx.8640
                0x0000000020000204        0x1 Middlewares/ST/STM32_USB_Device_Library/Core/Src/usbd_ctlreq.o
 *fill*         0x0000000020000205        0x3 
 .bss.__malloc_free_list
                0x0000000020000208        0x4 /opt/st/stm32cubeide_1.5.1/plugins/com.st.stm32cube.ide.mcu.externaltools.gnu-tools-for-stm32.7-2018-q2-update.linux64_1.5.0.202011040924/tools/bin/../lib/gcc/arm-none-eabi/7.3.1/../../../../arm-none-eabi/lib/thumb/v7-m/libc_nano.a(lib_a-nano-mallocr.o)
                0x0000000020000208                __malloc_free_list
 .bss.__malloc_sbrk_start
                0x000000002000020c        0x4 /opt/st/stm32cubeide_1.5.1/plugins/com.st.stm32cube.ide.mcu.externaltools.gnu-tools-for-stm32.7-2018-q2-update.linux64_1.5.0.202011040924/tools/bin/../lib/gcc/arm-none-eabi/7.3.1/../../../../arm-none-eabi/lib/thumb/v7-m/libc_nano.a(lib_a-nano-mallocr.o)
                0x000000002000020c                __malloc_sbrk_start
 *(COMMON)
 COMMON         0x0000000020000210      0x814 Communication/Protocol_0x55/Src/protocol_0x55.o
                0x0000000020000210                PROTOCOL_0X55_RxData
                0x0000000020000614                Update_5Hz
                0x0000000020000618                PROTOCOL_0X55_TxData
                0x0000000020000a1c                Update_10Hz
                0x0000000020000a20                Update_2Hz
 COMMON         0x0000000020000a24       0x48 Core/Src/main.o
                0x0000000020000a24                htim14
 COMMON         0x0000000020000a6c        0x4 Drivers/STM32F2xx_HAL_Driver/Src/stm32f2xx_hal.o
                0x0000000020000a6c                uwTick
 COMMON         0x0000000020000a70      0x2c4 USB_DEVICE/App/usb_device.o
                0x0000000020000a70                hUsbDeviceFS
 COMMON         0x0000000020000d34     0x1000 USB_DEVICE/App/usbd_cdc_if.o
                0x0000000020000d34                UserRxBufferFS
                0x0000000020001534                UserTxBufferFS
 COMMON         0x0000000020001d34      0x200 USB_DEVICE/App/usbd_desc.o
                0x0000000020001d34                USBD_StrDesc
 COMMON         0x0000000020001f34      0x400 USB_DEVICE/Target/usbd_conf.o
                0x0000000020001f34                hpcd_USB_OTG_FS
 COMMON         0x0000000020002334        0x4 /opt/st/stm32cubeide_1.5.1/plugins/com.st.stm32cube.ide.mcu.externaltools.gnu-tools-for-stm32.7-2018-q2-update.linux64_1.5.0.202011040924/tools/bin/../lib/gcc/arm-none-eabi/7.3.1/../../../../arm-none-eabi/lib/thumb/v7-m/libc_nano.a(lib_a-reent.o)
                0x0000000020002334                errno
                0x0000000020002338                . = ALIGN (0x4)
                0x0000000020002338                _ebss = .
                0x0000000020002338                __bss_end__ = _ebss

._user_heap_stack
                0x0000000020002338      0x600 load address 0x0000000008007040
                0x0000000020002338                . = ALIGN (0x8)
                [!provide]                        PROVIDE (end = .)
                0x0000000020002338                PROVIDE (_end = .)
                0x0000000020002538                . = (. + _Min_Heap_Size)
 *fill*         0x0000000020002338      0x200 
                0x0000000020002938                . = (. + _Min_Stack_Size)
 *fill*         0x0000000020002538      0x400 
                0x0000000020002938                . = ALIGN (0x8)

/DISCARD/
 libc.a(*)
 libm.a(*)
 libgcc.a(*)

.ARM.attributes
                0x0000000000000000       0x29
 *(.ARM.attributes)
 .ARM.attributes
                0x0000000000000000       0x1d /opt/st/stm32cubeide_1.5.1/plugins/com.st.stm32cube.ide.mcu.externaltools.gnu-tools-for-stm32.7-2018-q2-update.linux64_1.5.0.202011040924/tools/bin/../lib/gcc/arm-none-eabi/7.3.1/thumb/v7-m/crti.o
 .ARM.attributes
                0x000000000000001d       0x2d /opt/st/stm32cubeide_1.5.1/plugins/com.st.stm32cube.ide.mcu.externaltools.gnu-tools-for-stm32.7-2018-q2-update.linux64_1.5.0.202011040924/tools/bin/../lib/gcc/arm-none-eabi/7.3.1/thumb/v7-m/crtbegin.o
 .ARM.attributes
                0x000000000000004a       0x33 Communication/Protocol_0x55/Src/protocol_0x55.o
 .ARM.attributes
                0x000000000000007d       0x33 Core/Src/main.o
 .ARM.attributes
                0x00000000000000b0       0x33 Core/Src/stm32f2xx_hal_msp.o
 .ARM.attributes
                0x00000000000000e3       0x33 Core/Src/stm32f2xx_it.o
 .ARM.attributes
                0x0000000000000116       0x33 Core/Src/sysmem.o
 .ARM.attributes
                0x0000000000000149       0x33 Core/Src/system_stm32f2xx.o
 .ARM.attributes
                0x000000000000017c       0x21 Core/Startup/startup_stm32f207igtx.o
 .ARM.attributes
                0x000000000000019d       0x33 Drivers/STM32F2xx_HAL_Driver/Src/stm32f2xx_hal.o
 .ARM.attributes
                0x00000000000001d0       0x33 Drivers/STM32F2xx_HAL_Driver/Src/stm32f2xx_hal_cortex.o
 .ARM.attributes
                0x0000000000000203       0x33 Drivers/STM32F2xx_HAL_Driver/Src/stm32f2xx_hal_gpio.o
 .ARM.attributes
                0x0000000000000236       0x33 Drivers/STM32F2xx_HAL_Driver/Src/stm32f2xx_hal_pcd.o
 .ARM.attributes
                0x0000000000000269       0x33 Drivers/STM32F2xx_HAL_Driver/Src/stm32f2xx_hal_pcd_ex.o
 .ARM.attributes
                0x000000000000029c       0x33 Drivers/STM32F2xx_HAL_Driver/Src/stm32f2xx_hal_rcc.o
 .ARM.attributes
                0x00000000000002cf       0x33 Drivers/STM32F2xx_HAL_Driver/Src/stm32f2xx_hal_tim.o
 .ARM.attributes
                0x0000000000000302       0x33 Drivers/STM32F2xx_HAL_Driver/Src/stm32f2xx_hal_tim_ex.o
 .ARM.attributes
                0x0000000000000335       0x33 Drivers/STM32F2xx_HAL_Driver/Src/stm32f2xx_ll_usb.o
 .ARM.attributes
                0x0000000000000368       0x33 Middlewares/ST/STM32_USB_Device_Library/Class/CDC/Src/usbd_cdc.o
 .ARM.attributes
                0x000000000000039b       0x33 Middlewares/ST/STM32_USB_Device_Library/Core/Src/usbd_core.o
 .ARM.attributes
                0x00000000000003ce       0x33 Middlewares/ST/STM32_USB_Device_Library/Core/Src/usbd_ctlreq.o
 .ARM.attributes
                0x0000000000000401       0x33 Middlewares/ST/STM32_USB_Device_Library/Core/Src/usbd_ioreq.o
 .ARM.attributes
                0x0000000000000434       0x33 USB_DEVICE/App/usb_device.o
 .ARM.attributes
                0x0000000000000467       0x33 USB_DEVICE/App/usbd_cdc_if.o
 .ARM.attributes
                0x000000000000049a       0x33 USB_DEVICE/App/usbd_desc.o
 .ARM.attributes
                0x00000000000004cd       0x33 USB_DEVICE/Target/usbd_conf.o
 .ARM.attributes
                0x0000000000000500       0x2d /opt/st/stm32cubeide_1.5.1/plugins/com.st.stm32cube.ide.mcu.externaltools.gnu-tools-for-stm32.7-2018-q2-update.linux64_1.5.0.202011040924/tools/bin/../lib/gcc/arm-none-eabi/7.3.1/../../../../arm-none-eabi/lib/thumb/v7-m/libc_nano.a(lib_a-errno.o)
 .ARM.attributes
                0x000000000000052d       0x2d /opt/st/stm32cubeide_1.5.1/plugins/com.st.stm32cube.ide.mcu.externaltools.gnu-tools-for-stm32.7-2018-q2-update.linux64_1.5.0.202011040924/tools/bin/../lib/gcc/arm-none-eabi/7.3.1/../../../../arm-none-eabi/lib/thumb/v7-m/libc_nano.a(lib_a-impure.o)
 .ARM.attributes
                0x000000000000055a       0x2d /opt/st/stm32cubeide_1.5.1/plugins/com.st.stm32cube.ide.mcu.externaltools.gnu-tools-for-stm32.7-2018-q2-update.linux64_1.5.0.202011040924/tools/bin/../lib/gcc/arm-none-eabi/7.3.1/../../../../arm-none-eabi/lib/thumb/v7-m/libc_nano.a(lib_a-init.o)
 .ARM.attributes
                0x0000000000000587       0x2d /opt/st/stm32cubeide_1.5.1/plugins/com.st.stm32cube.ide.mcu.externaltools.gnu-tools-for-stm32.7-2018-q2-update.linux64_1.5.0.202011040924/tools/bin/../lib/gcc/arm-none-eabi/7.3.1/../../../../arm-none-eabi/lib/thumb/v7-m/libc_nano.a(lib_a-malloc.o)
 .ARM.attributes
                0x00000000000005b4       0x2d /opt/st/stm32cubeide_1.5.1/plugins/com.st.stm32cube.ide.mcu.externaltools.gnu-tools-for-stm32.7-2018-q2-update.linux64_1.5.0.202011040924/tools/bin/../lib/gcc/arm-none-eabi/7.3.1/../../../../arm-none-eabi/lib/thumb/v7-m/libc_nano.a(lib_a-memset.o)
 .ARM.attributes
                0x00000000000005e1       0x2d /opt/st/stm32cubeide_1.5.1/plugins/com.st.stm32cube.ide.mcu.externaltools.gnu-tools-for-stm32.7-2018-q2-update.linux64_1.5.0.202011040924/tools/bin/../lib/gcc/arm-none-eabi/7.3.1/../../../../arm-none-eabi/lib/thumb/v7-m/libc_nano.a(lib_a-nano-freer.o)
 .ARM.attributes
                0x000000000000060e       0x2d /opt/st/stm32cubeide_1.5.1/plugins/com.st.stm32cube.ide.mcu.externaltools.gnu-tools-for-stm32.7-2018-q2-update.linux64_1.5.0.202011040924/tools/bin/../lib/gcc/arm-none-eabi/7.3.1/../../../../arm-none-eabi/lib/thumb/v7-m/libc_nano.a(lib_a-nano-mallocr.o)
 .ARM.attributes
                0x000000000000063b       0x2d /opt/st/stm32cubeide_1.5.1/plugins/com.st.stm32cube.ide.mcu.externaltools.gnu-tools-for-stm32.7-2018-q2-update.linux64_1.5.0.202011040924/tools/bin/../lib/gcc/arm-none-eabi/7.3.1/../../../../arm-none-eabi/lib/thumb/v7-m/libc_nano.a(lib_a-sbrkr.o)
 .ARM.attributes
                0x0000000000000668       0x17 /opt/st/stm32cubeide_1.5.1/plugins/com.st.stm32cube.ide.mcu.externaltools.gnu-tools-for-stm32.7-2018-q2-update.linux64_1.5.0.202011040924/tools/bin/../lib/gcc/arm-none-eabi/7.3.1/../../../../arm-none-eabi/lib/thumb/v7-m/libc_nano.a(lib_a-strlen.o)
 .ARM.attributes
                0x000000000000067f       0x2d /opt/st/stm32cubeide_1.5.1/plugins/com.st.stm32cube.ide.mcu.externaltools.gnu-tools-for-stm32.7-2018-q2-update.linux64_1.5.0.202011040924/tools/bin/../lib/gcc/arm-none-eabi/7.3.1/../../../../arm-none-eabi/lib/thumb/v7-m/libc_nano.a(lib_a-strncat.o)
 .ARM.attributes
                0x00000000000006ac       0x2d /opt/st/stm32cubeide_1.5.1/plugins/com.st.stm32cube.ide.mcu.externaltools.gnu-tools-for-stm32.7-2018-q2-update.linux64_1.5.0.202011040924/tools/bin/../lib/gcc/arm-none-eabi/7.3.1/../../../../arm-none-eabi/lib/thumb/v7-m/libc_nano.a(lib_a-mlock.o)
 .ARM.attributes
                0x00000000000006d9       0x2d /opt/st/stm32cubeide_1.5.1/plugins/com.st.stm32cube.ide.mcu.externaltools.gnu-tools-for-stm32.7-2018-q2-update.linux64_1.5.0.202011040924/tools/bin/../lib/gcc/arm-none-eabi/7.3.1/../../../../arm-none-eabi/lib/thumb/v7-m/libc_nano.a(lib_a-reent.o)
 .ARM.attributes
                0x0000000000000706       0x1d /opt/st/stm32cubeide_1.5.1/plugins/com.st.stm32cube.ide.mcu.externaltools.gnu-tools-for-stm32.7-2018-q2-update.linux64_1.5.0.202011040924/tools/bin/../lib/gcc/arm-none-eabi/7.3.1/thumb/v7-m/libgcc.a(_aeabi_uldivmod.o)
 .ARM.attributes
                0x0000000000000723       0x2d /opt/st/stm32cubeide_1.5.1/plugins/com.st.stm32cube.ide.mcu.externaltools.gnu-tools-for-stm32.7-2018-q2-update.linux64_1.5.0.202011040924/tools/bin/../lib/gcc/arm-none-eabi/7.3.1/thumb/v7-m/libgcc.a(_udivmoddi4.o)
 .ARM.attributes
                0x0000000000000750       0x1d /opt/st/stm32cubeide_1.5.1/plugins/com.st.stm32cube.ide.mcu.externaltools.gnu-tools-for-stm32.7-2018-q2-update.linux64_1.5.0.202011040924/tools/bin/../lib/gcc/arm-none-eabi/7.3.1/thumb/v7-m/libgcc.a(_dvmd_tls.o)
 .ARM.attributes
                0x000000000000076d       0x1d /opt/st/stm32cubeide_1.5.1/plugins/com.st.stm32cube.ide.mcu.externaltools.gnu-tools-for-stm32.7-2018-q2-update.linux64_1.5.0.202011040924/tools/bin/../lib/gcc/arm-none-eabi/7.3.1/thumb/v7-m/crtn.o
OUTPUT(Robot_MCU_Down.elf elf32-littlearm)

.debug_info     0x0000000000000000    0x17925
 .debug_info    0x0000000000000000     0x10aa Communication/Protocol_0x55/Src/protocol_0x55.o
 .debug_info    0x00000000000010aa     0x1452 Core/Src/main.o
 .debug_info    0x00000000000024fc      0xb84 Core/Src/stm32f2xx_hal_msp.o
 .debug_info    0x0000000000003080      0xbf9 Core/Src/stm32f2xx_it.o
 .debug_info    0x0000000000003c79      0x985 Core/Src/sysmem.o
 .debug_info    0x00000000000045fe      0x3b0 Core/Src/system_stm32f2xx.o
 .debug_info    0x00000000000049ae       0x22 Core/Startup/startup_stm32f207igtx.o
 .debug_info    0x00000000000049d0      0x9be Drivers/STM32F2xx_HAL_Driver/Src/stm32f2xx_hal.o
 .debug_info    0x000000000000538e      0xe28 Drivers/STM32F2xx_HAL_Driver/Src/stm32f2xx_hal_cortex.o
 .debug_info    0x00000000000061b6      0x78d Drivers/STM32F2xx_HAL_Driver/Src/stm32f2xx_hal_gpio.o
 .debug_info    0x0000000000006943     0x115a Drivers/STM32F2xx_HAL_Driver/Src/stm32f2xx_hal_pcd.o
 .debug_info    0x0000000000007a9d      0x733 Drivers/STM32F2xx_HAL_Driver/Src/stm32f2xx_hal_pcd_ex.o
 .debug_info    0x00000000000081d0      0xae3 Drivers/STM32F2xx_HAL_Driver/Src/stm32f2xx_hal_rcc.o
 .debug_info    0x0000000000008cb3     0x2839 Drivers/STM32F2xx_HAL_Driver/Src/stm32f2xx_hal_tim.o
 .debug_info    0x000000000000b4ec     0x13f3 Drivers/STM32F2xx_HAL_Driver/Src/stm32f2xx_hal_tim_ex.o
 .debug_info    0x000000000000c8df     0x1929 Drivers/STM32F2xx_HAL_Driver/Src/stm32f2xx_ll_usb.o
 .debug_info    0x000000000000e208     0x179e Middlewares/ST/STM32_USB_Device_Library/Class/CDC/Src/usbd_cdc.o
 .debug_info    0x000000000000f9a6     0x1205 Middlewares/ST/STM32_USB_Device_Library/Core/Src/usbd_core.o
 .debug_info    0x0000000000010bab     0x1175 Middlewares/ST/STM32_USB_Device_Library/Core/Src/usbd_ctlreq.o
 .debug_info    0x0000000000011d20      0xf66 Middlewares/ST/STM32_USB_Device_Library/Core/Src/usbd_ioreq.o
 .debug_info    0x0000000000012c86      0xeae USB_DEVICE/App/usb_device.o
 .debug_info    0x0000000000013b34     0x10b6 USB_DEVICE/App/usbd_cdc_if.o
 .debug_info    0x0000000000014bea      0xd4a USB_DEVICE/App/usbd_desc.o
 .debug_info    0x0000000000015934     0x1ff1 USB_DEVICE/Target/usbd_conf.o

.debug_abbrev   0x0000000000000000     0x32cb
 .debug_abbrev  0x0000000000000000      0x279 Communication/Protocol_0x55/Src/protocol_0x55.o
 .debug_abbrev  0x0000000000000279      0x269 Core/Src/main.o
 .debug_abbrev  0x00000000000004e2      0x1a8 Core/Src/stm32f2xx_hal_msp.o
 .debug_abbrev  0x000000000000068a      0x1b2 Core/Src/stm32f2xx_it.o
 .debug_abbrev  0x000000000000083c      0x19b Core/Src/sysmem.o
 .debug_abbrev  0x00000000000009d7      0x12b Core/Src/system_stm32f2xx.o
 .debug_abbrev  0x0000000000000b02       0x12 Core/Startup/startup_stm32f207igtx.o
 .debug_abbrev  0x0000000000000b14      0x236 Drivers/STM32F2xx_HAL_Driver/Src/stm32f2xx_hal.o
 .debug_abbrev  0x0000000000000d4a      0x2fa Drivers/STM32F2xx_HAL_Driver/Src/stm32f2xx_hal_cortex.o
 .debug_abbrev  0x0000000000001044      0x1c0 Drivers/STM32F2xx_HAL_Driver/Src/stm32f2xx_hal_gpio.o
 .debug_abbrev  0x0000000000001204      0x266 Drivers/STM32F2xx_HAL_Driver/Src/stm32f2xx_hal_pcd.o
 .debug_abbrev  0x000000000000146a      0x1c0 Drivers/STM32F2xx_HAL_Driver/Src/stm32f2xx_hal_pcd_ex.o
 .debug_abbrev  0x000000000000162a      0x25f Drivers/STM32F2xx_HAL_Driver/Src/stm32f2xx_hal_rcc.o
 .debug_abbrev  0x0000000000001889      0x230 Drivers/STM32F2xx_HAL_Driver/Src/stm32f2xx_hal_tim.o
 .debug_abbrev  0x0000000000001ab9      0x236 Drivers/STM32F2xx_HAL_Driver/Src/stm32f2xx_hal_tim_ex.o
 .debug_abbrev  0x0000000000001cef      0x26d Drivers/STM32F2xx_HAL_Driver/Src/stm32f2xx_ll_usb.o
 .debug_abbrev  0x0000000000001f5c      0x2c7 Middlewares/ST/STM32_USB_Device_Library/Class/CDC/Src/usbd_cdc.o
 .debug_abbrev  0x0000000000002223      0x281 Middlewares/ST/STM32_USB_Device_Library/Core/Src/usbd_core.o
 .debug_abbrev  0x00000000000024a4      0x2b1 Middlewares/ST/STM32_USB_Device_Library/Core/Src/usbd_ctlreq.o
 .debug_abbrev  0x0000000000002755      0x1f1 Middlewares/ST/STM32_USB_Device_Library/Core/Src/usbd_ioreq.o
 .debug_abbrev  0x0000000000002946      0x1be USB_DEVICE/App/usb_device.o
 .debug_abbrev  0x0000000000002b04      0x285 USB_DEVICE/App/usbd_cdc_if.o
 .debug_abbrev  0x0000000000002d89      0x2a1 USB_DEVICE/App/usbd_desc.o
 .debug_abbrev  0x000000000000302a      0x2a1 USB_DEVICE/Target/usbd_conf.o

.debug_aranges  0x0000000000000000     0x10c8
 .debug_aranges
                0x0000000000000000       0x70 Communication/Protocol_0x55/Src/protocol_0x55.o
 .debug_aranges
                0x0000000000000070       0x40 Core/Src/main.o
 .debug_aranges
                0x00000000000000b0       0x30 Core/Src/stm32f2xx_hal_msp.o
 .debug_aranges
                0x00000000000000e0       0x70 Core/Src/stm32f2xx_it.o
 .debug_aranges
                0x0000000000000150       0x20 Core/Src/sysmem.o
 .debug_aranges
                0x0000000000000170       0x28 Core/Src/system_stm32f2xx.o
 .debug_aranges
                0x0000000000000198       0x28 Core/Startup/startup_stm32f207igtx.o
 .debug_aranges
                0x00000000000001c0       0xf0 Drivers/STM32F2xx_HAL_Driver/Src/stm32f2xx_hal.o
 .debug_aranges
                0x00000000000002b0      0x118 Drivers/STM32F2xx_HAL_Driver/Src/stm32f2xx_hal_cortex.o
 .debug_aranges
                0x00000000000003c8       0x58 Drivers/STM32F2xx_HAL_Driver/Src/stm32f2xx_hal_gpio.o
 .debug_aranges
                0x0000000000000420      0x138 Drivers/STM32F2xx_HAL_Driver/Src/stm32f2xx_hal_pcd.o
 .debug_aranges
                0x0000000000000558       0x38 Drivers/STM32F2xx_HAL_Driver/Src/stm32f2xx_hal_pcd_ex.o
 .debug_aranges
                0x0000000000000590       0x88 Drivers/STM32F2xx_HAL_Driver/Src/stm32f2xx_hal_rcc.o
 .debug_aranges
                0x0000000000000618      0x3d0 Drivers/STM32F2xx_HAL_Driver/Src/stm32f2xx_hal_tim.o
 .debug_aranges
                0x00000000000009e8      0x168 Drivers/STM32F2xx_HAL_Driver/Src/stm32f2xx_hal_tim_ex.o
 .debug_aranges
                0x0000000000000b50      0x198 Drivers/STM32F2xx_HAL_Driver/Src/stm32f2xx_ll_usb.o
 .debug_aranges
                0x0000000000000ce8       0x90 Middlewares/ST/STM32_USB_Device_Library/Class/CDC/Src/usbd_cdc.o
 .debug_aranges
                0x0000000000000d78       0xb8 Middlewares/ST/STM32_USB_Device_Library/Core/Src/usbd_core.o
 .debug_aranges
                0x0000000000000e30       0x88 Middlewares/ST/STM32_USB_Device_Library/Core/Src/usbd_ctlreq.o
 .debug_aranges
                0x0000000000000eb8       0x50 Middlewares/ST/STM32_USB_Device_Library/Core/Src/usbd_ioreq.o
 .debug_aranges
                0x0000000000000f08       0x20 USB_DEVICE/App/usb_device.o
 .debug_aranges
                0x0000000000000f28       0x40 USB_DEVICE/App/usbd_cdc_if.o
 .debug_aranges
                0x0000000000000f68       0x60 USB_DEVICE/App/usbd_desc.o
 .debug_aranges
                0x0000000000000fc8      0x100 USB_DEVICE/Target/usbd_conf.o

.debug_ranges   0x0000000000000000      0xf50
 .debug_ranges  0x0000000000000000       0x60 Communication/Protocol_0x55/Src/protocol_0x55.o
 .debug_ranges  0x0000000000000060       0x30 Core/Src/main.o
 .debug_ranges  0x0000000000000090       0x20 Core/Src/stm32f2xx_hal_msp.o
 .debug_ranges  0x00000000000000b0       0x60 Core/Src/stm32f2xx_it.o
 .debug_ranges  0x0000000000000110       0x10 Core/Src/sysmem.o
 .debug_ranges  0x0000000000000120       0x18 Core/Src/system_stm32f2xx.o
 .debug_ranges  0x0000000000000138       0x20 Core/Startup/startup_stm32f207igtx.o
 .debug_ranges  0x0000000000000158       0xe0 Drivers/STM32F2xx_HAL_Driver/Src/stm32f2xx_hal.o
 .debug_ranges  0x0000000000000238      0x108 Drivers/STM32F2xx_HAL_Driver/Src/stm32f2xx_hal_cortex.o
 .debug_ranges  0x0000000000000340       0x48 Drivers/STM32F2xx_HAL_Driver/Src/stm32f2xx_hal_gpio.o
 .debug_ranges  0x0000000000000388      0x128 Drivers/STM32F2xx_HAL_Driver/Src/stm32f2xx_hal_pcd.o
 .debug_ranges  0x00000000000004b0       0x28 Drivers/STM32F2xx_HAL_Driver/Src/stm32f2xx_hal_pcd_ex.o
 .debug_ranges  0x00000000000004d8       0x78 Drivers/STM32F2xx_HAL_Driver/Src/stm32f2xx_hal_rcc.o
 .debug_ranges  0x0000000000000550      0x3c0 Drivers/STM32F2xx_HAL_Driver/Src/stm32f2xx_hal_tim.o
 .debug_ranges  0x0000000000000910      0x158 Drivers/STM32F2xx_HAL_Driver/Src/stm32f2xx_hal_tim_ex.o
 .debug_ranges  0x0000000000000a68      0x188 Drivers/STM32F2xx_HAL_Driver/Src/stm32f2xx_ll_usb.o
 .debug_ranges  0x0000000000000bf0       0x80 Middlewares/ST/STM32_USB_Device_Library/Class/CDC/Src/usbd_cdc.o
 .debug_ranges  0x0000000000000c70       0xa8 Middlewares/ST/STM32_USB_Device_Library/Core/Src/usbd_core.o
 .debug_ranges  0x0000000000000d18       0x78 Middlewares/ST/STM32_USB_Device_Library/Core/Src/usbd_ctlreq.o
 .debug_ranges  0x0000000000000d90       0x40 Middlewares/ST/STM32_USB_Device_Library/Core/Src/usbd_ioreq.o
 .debug_ranges  0x0000000000000dd0       0x10 USB_DEVICE/App/usb_device.o
 .debug_ranges  0x0000000000000de0       0x30 USB_DEVICE/App/usbd_cdc_if.o
 .debug_ranges  0x0000000000000e10       0x50 USB_DEVICE/App/usbd_desc.o
 .debug_ranges  0x0000000000000e60       0xf0 USB_DEVICE/Target/usbd_conf.o

.debug_macro    0x0000000000000000    0x22d90
 .debug_macro   0x0000000000000000      0x417 Communication/Protocol_0x55/Src/protocol_0x55.o
 .debug_macro   0x0000000000000417      0xa5a Communication/Protocol_0x55/Src/protocol_0x55.o
 .debug_macro   0x0000000000000e71       0x2e Communication/Protocol_0x55/Src/protocol_0x55.o
 .debug_macro   0x0000000000000e9f       0x22 Communication/Protocol_0x55/Src/protocol_0x55.o
 .debug_macro   0x0000000000000ec1       0x22 Communication/Protocol_0x55/Src/protocol_0x55.o
 .debug_macro   0x0000000000000ee3       0x8e Communication/Protocol_0x55/Src/protocol_0x55.o
 .debug_macro   0x0000000000000f71       0x51 Communication/Protocol_0x55/Src/protocol_0x55.o
 .debug_macro   0x0000000000000fc2       0xef Communication/Protocol_0x55/Src/protocol_0x55.o
 .debug_macro   0x00000000000010b1       0x6a Communication/Protocol_0x55/Src/protocol_0x55.o
 .debug_macro   0x000000000000111b      0x1df Communication/Protocol_0x55/Src/protocol_0x55.o
 .debug_macro   0x00000000000012fa       0x1c Communication/Protocol_0x55/Src/protocol_0x55.o
 .debug_macro   0x0000000000001316       0x22 Communication/Protocol_0x55/Src/protocol_0x55.o
 .debug_macro   0x0000000000001338       0xc3 Communication/Protocol_0x55/Src/protocol_0x55.o
 .debug_macro   0x00000000000013fb      0xe49 Communication/Protocol_0x55/Src/protocol_0x55.o
 .debug_macro   0x0000000000002244      0x11f Communication/Protocol_0x55/Src/protocol_0x55.o
 .debug_macro   0x0000000000002363    0x14fe1 Communication/Protocol_0x55/Src/protocol_0x55.o
 .debug_macro   0x0000000000017344       0x43 Communication/Protocol_0x55/Src/protocol_0x55.o
 .debug_macro   0x0000000000017387      0x23e Communication/Protocol_0x55/Src/protocol_0x55.o
 .debug_macro   0x00000000000175c5     0x358e Communication/Protocol_0x55/Src/protocol_0x55.o
 .debug_macro   0x000000000001ab53      0x174 Communication/Protocol_0x55/Src/protocol_0x55.o
 .debug_macro   0x000000000001acc7       0x55 Communication/Protocol_0x55/Src/protocol_0x55.o
 .debug_macro   0x000000000001ad1c     0x1057 Communication/Protocol_0x55/Src/protocol_0x55.o
 .debug_macro   0x000000000001bd73      0x153 Communication/Protocol_0x55/Src/protocol_0x55.o
 .debug_macro   0x000000000001bec6      0x170 Communication/Protocol_0x55/Src/protocol_0x55.o
 .debug_macro   0x000000000001c036      0x116 Communication/Protocol_0x55/Src/protocol_0x55.o
 .debug_macro   0x000000000001c14c      0x108 Communication/Protocol_0x55/Src/protocol_0x55.o
 .debug_macro   0x000000000001c254       0xa5 Communication/Protocol_0x55/Src/protocol_0x55.o
 .debug_macro   0x000000000001c2f9      0x16a Communication/Protocol_0x55/Src/protocol_0x55.o
 .debug_macro   0x000000000001c463      0x287 Communication/Protocol_0x55/Src/protocol_0x55.o
 .debug_macro   0x000000000001c6ea       0x5f Communication/Protocol_0x55/Src/protocol_0x55.o
 .debug_macro   0x000000000001c749      0x236 Communication/Protocol_0x55/Src/protocol_0x55.o
 .debug_macro   0x000000000001c97f      0x126 Communication/Protocol_0x55/Src/protocol_0x55.o
 .debug_macro   0x000000000001caa5      0x216 Communication/Protocol_0x55/Src/protocol_0x55.o
 .debug_macro   0x000000000001ccbb       0x2e Communication/Protocol_0x55/Src/protocol_0x55.o
 .debug_macro   0x000000000001cce9      0x113 Communication/Protocol_0x55/Src/protocol_0x55.o
 .debug_macro   0x000000000001cdfc       0x22 Communication/Protocol_0x55/Src/protocol_0x55.o
 .debug_macro   0x000000000001ce1e       0x82 Communication/Protocol_0x55/Src/protocol_0x55.o
 .debug_macro   0x000000000001cea0      0x8d1 Communication/Protocol_0x55/Src/protocol_0x55.o
 .debug_macro   0x000000000001d771       0x4c Communication/Protocol_0x55/Src/protocol_0x55.o
 .debug_macro   0x000000000001d7bd      0x21e Communication/Protocol_0x55/Src/protocol_0x55.o
 .debug_macro   0x000000000001d9db       0xba Communication/Protocol_0x55/Src/protocol_0x55.o
 .debug_macro   0x000000000001da95      0x12d Communication/Protocol_0x55/Src/protocol_0x55.o
 .debug_macro   0x000000000001dbc2       0x1c Communication/Protocol_0x55/Src/protocol_0x55.o
 .debug_macro   0x000000000001dbde       0x76 Communication/Protocol_0x55/Src/protocol_0x55.o
 .debug_macro   0x000000000001dc54       0x46 Communication/Protocol_0x55/Src/protocol_0x55.o
 .debug_macro   0x000000000001dc9a       0x18 Communication/Protocol_0x55/Src/protocol_0x55.o
 .debug_macro   0x000000000001dcb2       0x3c Communication/Protocol_0x55/Src/protocol_0x55.o
 .debug_macro   0x000000000001dcee       0x34 Communication/Protocol_0x55/Src/protocol_0x55.o
 .debug_macro   0x000000000001dd22       0x16 Communication/Protocol_0x55/Src/protocol_0x55.o
 .debug_macro   0x000000000001dd38       0x35 Communication/Protocol_0x55/Src/protocol_0x55.o
 .debug_macro   0x000000000001dd6d      0x32a Communication/Protocol_0x55/Src/protocol_0x55.o
 .debug_macro   0x000000000001e097       0x10 Communication/Protocol_0x55/Src/protocol_0x55.o
 .debug_macro   0x000000000001e0a7       0x52 Communication/Protocol_0x55/Src/protocol_0x55.o
 .debug_macro   0x000000000001e0f9       0x1f Communication/Protocol_0x55/Src/protocol_0x55.o
 .debug_macro   0x000000000001e118       0x43 Communication/Protocol_0x55/Src/protocol_0x55.o
 .debug_macro   0x000000000001e15b       0x20 Communication/Protocol_0x55/Src/protocol_0x55.o
 .debug_macro   0x000000000001e17b      0x1a3 Communication/Protocol_0x55/Src/protocol_0x55.o
 .debug_macro   0x000000000001e31e       0x10 Communication/Protocol_0x55/Src/protocol_0x55.o
 .debug_macro   0x000000000001e32e       0x1c Communication/Protocol_0x55/Src/protocol_0x55.o
 .debug_macro   0x000000000001e34a       0x52 Communication/Protocol_0x55/Src/protocol_0x55.o
 .debug_macro   0x000000000001e39c       0x40 Communication/Protocol_0x55/Src/protocol_0x55.o
 .debug_macro   0x000000000001e3dc       0x10 Communication/Protocol_0x55/Src/protocol_0x55.o
 .debug_macro   0x000000000001e3ec       0x40 Communication/Protocol_0x55/Src/protocol_0x55.o
 .debug_macro   0x000000000001e42c       0xd7 Communication/Protocol_0x55/Src/protocol_0x55.o
 .debug_macro   0x000000000001e503       0x1c Communication/Protocol_0x55/Src/protocol_0x55.o
 .debug_macro   0x000000000001e51f       0x3d Communication/Protocol_0x55/Src/protocol_0x55.o
 .debug_macro   0x000000000001e55c       0x16 Communication/Protocol_0x55/Src/protocol_0x55.o
 .debug_macro   0x000000000001e572      0x145 Communication/Protocol_0x55/Src/protocol_0x55.o
 .debug_macro   0x000000000001e6b7       0x16 Communication/Protocol_0x55/Src/protocol_0x55.o
 .debug_macro   0x000000000001e6cd       0x20 Communication/Protocol_0x55/Src/protocol_0x55.o
 .debug_macro   0x000000000001e6ed       0x16 Communication/Protocol_0x55/Src/protocol_0x55.o
 .debug_macro   0x000000000001e703       0x16 Communication/Protocol_0x55/Src/protocol_0x55.o
 .debug_macro   0x000000000001e719       0x29 Communication/Protocol_0x55/Src/protocol_0x55.o
 .debug_macro   0x000000000001e742       0x65 Communication/Protocol_0x55/Src/protocol_0x55.o
 .debug_macro   0x000000000001e7a7      0x1c2 Communication/Protocol_0x55/Src/protocol_0x55.o
 .debug_macro   0x000000000001e969       0x8f Communication/Protocol_0x55/Src/protocol_0x55.o
 .debug_macro   0x000000000001e9f8       0x10 Communication/Protocol_0x55/Src/protocol_0x55.o
 .debug_macro   0x000000000001ea08      0x3db Core/Src/main.o
 .debug_macro   0x000000000001ede3       0x70 Core/Src/main.o
 .debug_macro   0x000000000001ee53       0x22 Core/Src/main.o
 .debug_macro   0x000000000001ee75      0x1f0 Core/Src/stm32f2xx_hal_msp.o
 .debug_macro   0x000000000001f065      0x1fa Core/Src/stm32f2xx_it.o
 .debug_macro   0x000000000001f25f       0xee Core/Src/sysmem.o
 .debug_macro   0x000000000001f34d      0x23b Core/Src/sysmem.o
 .debug_macro   0x000000000001f588      0x1e1 Core/Src/system_stm32f2xx.o
 .debug_macro   0x000000000001f769      0x22f Drivers/STM32F2xx_HAL_Driver/Src/stm32f2xx_hal.o
 .debug_macro   0x000000000001f998      0x1e1 Drivers/STM32F2xx_HAL_Driver/Src/stm32f2xx_hal_cortex.o
 .debug_macro   0x000000000001fb79      0x1e8 Drivers/STM32F2xx_HAL_Driver/Src/stm32f2xx_hal_gpio.o
 .debug_macro   0x000000000001fd61      0x1ed Drivers/STM32F2xx_HAL_Driver/Src/stm32f2xx_hal_pcd.o
 .debug_macro   0x000000000001ff4e      0x1e1 Drivers/STM32F2xx_HAL_Driver/Src/stm32f2xx_hal_pcd_ex.o
 .debug_macro   0x000000000002012f      0x20b Drivers/STM32F2xx_HAL_Driver/Src/stm32f2xx_hal_rcc.o
 .debug_macro   0x000000000002033a      0x1e2 Drivers/STM32F2xx_HAL_Driver/Src/stm32f2xx_hal_tim.o
 .debug_macro   0x000000000002051c      0x1e1 Drivers/STM32F2xx_HAL_Driver/Src/stm32f2xx_hal_tim_ex.o
 .debug_macro   0x00000000000206fd      0x1e1 Drivers/STM32F2xx_HAL_Driver/Src/stm32f2xx_ll_usb.o
 .debug_macro   0x00000000000208de      0x3fd Middlewares/ST/STM32_USB_Device_Library/Class/CDC/Src/usbd_cdc.o
 .debug_macro   0x0000000000020cdb       0x97 Middlewares/ST/STM32_USB_Device_Library/Class/CDC/Src/usbd_cdc.o
 .debug_macro   0x0000000000020d72       0xfd Middlewares/ST/STM32_USB_Device_Library/Class/CDC/Src/usbd_cdc.o
 .debug_macro   0x0000000000020e6f       0xbd Middlewares/ST/STM32_USB_Device_Library/Class/CDC/Src/usbd_cdc.o
 .debug_macro   0x0000000000020f2c       0x4f Middlewares/ST/STM32_USB_Device_Library/Class/CDC/Src/usbd_cdc.o
 .debug_macro   0x0000000000020f7b      0x3e4 Middlewares/ST/STM32_USB_Device_Library/Core/Src/usbd_core.o
 .debug_macro   0x000000000002135f      0x1c8 Middlewares/ST/STM32_USB_Device_Library/Core/Src/usbd_core.o
 .debug_macro   0x0000000000021527      0x3ee Middlewares/ST/STM32_USB_Device_Library/Core/Src/usbd_ctlreq.o
 .debug_macro   0x0000000000021915      0x3ea Middlewares/ST/STM32_USB_Device_Library/Core/Src/usbd_ioreq.o
 .debug_macro   0x0000000000021cff      0x41d USB_DEVICE/App/usb_device.o
 .debug_macro   0x000000000002211c       0x22 USB_DEVICE/App/usb_device.o
 .debug_macro   0x000000000002213e       0x16 USB_DEVICE/App/usb_device.o
 .debug_macro   0x0000000000022154      0x411 USB_DEVICE/App/usbd_cdc_if.o
 .debug_macro   0x0000000000022565      0x421 USB_DEVICE/App/usbd_desc.o
 .debug_macro   0x0000000000022986       0x1c USB_DEVICE/App/usbd_desc.o
 .debug_macro   0x00000000000229a2      0x3ee USB_DEVICE/Target/usbd_conf.o

.debug_line     0x0000000000000000    0x101c4
 .debug_line    0x0000000000000000      0xaff Communication/Protocol_0x55/Src/protocol_0x55.o
 .debug_line    0x0000000000000aff      0xa23 Core/Src/main.o