stm32f2xx_it.c:76:6:NMI_Handler	4	static
stm32f2xx_it.c:91:6:HardFault_Handler	4	static
stm32f2xx_it.c:106:6:MemManage_Handler	4	static
stm32f2xx_it.c:121:6:BusFault_Handler	4	static
stm32f2xx_it.c:136:6:UsageFault_Handler	4	static
stm32f2xx_it.c:151:6:SVC_Handler	4	static
stm32f2xx_it.c:164:6:DebugMon_Handler	4	static
stm32f2xx_it.c:177:6:PendSV_Handler	4	static
stm32f2xx_it.c:190:6:SysTick_Handler	8	static
stm32f2xx_it.c:211:6:TIM8_TRG_COM_TIM14_IRQHandler	8	static
stm32f2xx_it.c:249:6:OTG_FS_IRQHandler	8	static
